Archive member included to satisfy reference by file (symbol)

/opt/Atollic_TrueSTUDIO_for_STM32_x86_64_9.0.1/ARMTools/bin/../lib/gcc/arm-atollic-eabi/6.3.1/../../../../arm-atollic-eabi/lib/armv7e-m/fpu/libc.a(lib_a-init.o)
                              src/startup_stm32f413xx.o (__libc_init_array)
/opt/Atollic_TrueSTUDIO_for_STM32_x86_64_9.0.1/ARMTools/bin/../lib/gcc/arm-atollic-eabi/6.3.1/../../../../arm-atollic-eabi/lib/armv7e-m/fpu/libc.a(lib_a-reent.o)
                              src/syscalls.o (errno)
/opt/Atollic_TrueSTUDIO_for_STM32_x86_64_9.0.1/ARMTools/bin/../lib/gcc/arm-atollic-eabi/6.3.1/../../../../arm-atollic-eabi/lib/armv7e-m/fpu/libc.a(lib_a-strlen.o)
                              src/tiny_printf.o (strlen)
/opt/Atollic_TrueSTUDIO_for_STM32_x86_64_9.0.1/ARMTools/bin/../lib/gcc/arm-atollic-eabi/6.3.1/../../../../arm-atollic-eabi/lib/armv7e-m/fpu/libc.a(lib_a-freer.o)
                              /opt/Atollic_TrueSTUDIO_for_STM32_x86_64_9.0.1/ARMTools/bin/../lib/gcc/arm-atollic-eabi/6.3.1/../../../../arm-atollic-eabi/lib/armv7e-m/fpu/libc.a(lib_a-reent.o) (_free_r)
/opt/Atollic_TrueSTUDIO_for_STM32_x86_64_9.0.1/ARMTools/bin/../lib/gcc/arm-atollic-eabi/6.3.1/../../../../arm-atollic-eabi/lib/armv7e-m/fpu/libc.a(lib_a-impure.o)
                              /opt/Atollic_TrueSTUDIO_for_STM32_x86_64_9.0.1/ARMTools/bin/../lib/gcc/arm-atollic-eabi/6.3.1/../../../../arm-atollic-eabi/lib/armv7e-m/fpu/libc.a(lib_a-reent.o) (_impure_ptr)
/opt/Atollic_TrueSTUDIO_for_STM32_x86_64_9.0.1/ARMTools/bin/../lib/gcc/arm-atollic-eabi/6.3.1/../../../../arm-atollic-eabi/lib/armv7e-m/fpu/libc.a(lib_a-mallocr.o)
                              /opt/Atollic_TrueSTUDIO_for_STM32_x86_64_9.0.1/ARMTools/bin/../lib/gcc/arm-atollic-eabi/6.3.1/../../../../arm-atollic-eabi/lib/armv7e-m/fpu/libc.a(lib_a-freer.o) (__malloc_current_mallinfo)
/opt/Atollic_TrueSTUDIO_for_STM32_x86_64_9.0.1/ARMTools/bin/../lib/gcc/arm-atollic-eabi/6.3.1/../../../../arm-atollic-eabi/lib/armv7e-m/fpu/libc.a(lib_a-mlock.o)
                              /opt/Atollic_TrueSTUDIO_for_STM32_x86_64_9.0.1/ARMTools/bin/../lib/gcc/arm-atollic-eabi/6.3.1/../../../../arm-atollic-eabi/lib/armv7e-m/fpu/libc.a(lib_a-freer.o) (__malloc_lock)
/opt/Atollic_TrueSTUDIO_for_STM32_x86_64_9.0.1/ARMTools/bin/../lib/gcc/arm-atollic-eabi/6.3.1/../../../../arm-atollic-eabi/lib/armv7e-m/fpu/libc.a(lib_a-sbrkr.o)
                              /opt/Atollic_TrueSTUDIO_for_STM32_x86_64_9.0.1/ARMTools/bin/../lib/gcc/arm-atollic-eabi/6.3.1/../../../../arm-atollic-eabi/lib/armv7e-m/fpu/libc.a(lib_a-freer.o) (_sbrk_r)
/opt/Atollic_TrueSTUDIO_for_STM32_x86_64_9.0.1/ARMTools/bin/../lib/gcc/arm-atollic-eabi/6.3.1/../../../../arm-atollic-eabi/lib/armv7e-m/fpu/libc.a(lib_a-lock.o)
                              /opt/Atollic_TrueSTUDIO_for_STM32_x86_64_9.0.1/ARMTools/bin/../lib/gcc/arm-atollic-eabi/6.3.1/../../../../arm-atollic-eabi/lib/armv7e-m/fpu/libc.a(lib_a-mlock.o) (__retarget_lock_acquire_recursive)

Allocating common symbols
Common symbol       size              file

__lock___atexit_recursive_mutex
                    0x1               /opt/Atollic_TrueSTUDIO_for_STM32_x86_64_9.0.1/ARMTools/bin/../lib/gcc/arm-atollic-eabi/6.3.1/../../../../arm-atollic-eabi/lib/armv7e-m/fpu/libc.a(lib_a-lock.o)
__lock___arc4random_mutex
                    0x1               /opt/Atollic_TrueSTUDIO_for_STM32_x86_64_9.0.1/ARMTools/bin/../lib/gcc/arm-atollic-eabi/6.3.1/../../../../arm-atollic-eabi/lib/armv7e-m/fpu/libc.a(lib_a-lock.o)
errno               0x4               /opt/Atollic_TrueSTUDIO_for_STM32_x86_64_9.0.1/ARMTools/bin/../lib/gcc/arm-atollic-eabi/6.3.1/../../../../arm-atollic-eabi/lib/armv7e-m/fpu/libc.a(lib_a-reent.o)
__lock___env_recursive_mutex
                    0x1               /opt/Atollic_TrueSTUDIO_for_STM32_x86_64_9.0.1/ARMTools/bin/../lib/gcc/arm-atollic-eabi/6.3.1/../../../../arm-atollic-eabi/lib/armv7e-m/fpu/libc.a(lib_a-lock.o)
__lock___sinit_recursive_mutex
                    0x1               /opt/Atollic_TrueSTUDIO_for_STM32_x86_64_9.0.1/ARMTools/bin/../lib/gcc/arm-atollic-eabi/6.3.1/../../../../arm-atollic-eabi/lib/armv7e-m/fpu/libc.a(lib_a-lock.o)
__lock___malloc_recursive_mutex
                    0x1               /opt/Atollic_TrueSTUDIO_for_STM32_x86_64_9.0.1/ARMTools/bin/../lib/gcc/arm-atollic-eabi/6.3.1/../../../../arm-atollic-eabi/lib/armv7e-m/fpu/libc.a(lib_a-lock.o)
multiplier          0x4               src/lib/delay.o
GPIO_InitStructure  0x8               src/main.o
__lock___at_quick_exit_mutex
                    0x1               /opt/Atollic_TrueSTUDIO_for_STM32_x86_64_9.0.1/ARMTools/bin/../lib/gcc/arm-atollic-eabi/6.3.1/../../../../arm-atollic-eabi/lib/armv7e-m/fpu/libc.a(lib_a-lock.o)
__lock___dd_hash_mutex
                    0x1               /opt/Atollic_TrueSTUDIO_for_STM32_x86_64_9.0.1/ARMTools/bin/../lib/gcc/arm-atollic-eabi/6.3.1/../../../../arm-atollic-eabi/lib/armv7e-m/fpu/libc.a(lib_a-lock.o)
[...]
Memory Configuration

Name             Origin             Length             Attributes
FLASH            0x0000000008000000 0x0000000000180000 xr
RAM              0x0000000020000000 0x0000000000050000 xrw
MEMORY_B1        0x0000000060000000 0x0000000000000000 xr
*default*        0x0000000000000000 0xffffffffffffffff

Linker script and memory map

LOAD /opt/Atollic_TrueSTUDIO_for_STM32_x86_64_9.0.1/ARMTools/bin/../lib/gcc/arm-atollic-eabi/6.3.1/armv7e-m/fpu/crti.o
LOAD /opt/Atollic_TrueSTUDIO_for_STM32_x86_64_9.0.1/ARMTools/bin/../lib/gcc/arm-atollic-eabi/6.3.1/armv7e-m/fpu/crtbegin.o
LOAD Drivers/stm32f4xx_stdperiph_driver/src/misc.o
LOAD Drivers/stm32f4xx_stdperiph_driver/src/stm32f4xx_adc.o
LOAD Drivers/stm32f4xx_stdperiph_driver/src/stm32f4xx_can.o
LOAD Drivers/stm32f4xx_stdperiph_driver/src/stm32f4xx_cec.o
LOAD Drivers/stm32f4xx_stdperiph_driver/src/stm32f4xx_crc.o
LOAD Drivers/stm32f4xx_stdperiph_driver/src/stm32f4xx_cryp.o
LOAD Drivers/stm32f4xx_stdperiph_driver/src/stm32f4xx_cryp_aes.o
LOAD Drivers/stm32f4xx_stdperiph_driver/src/stm32f4xx_cryp_des.o
LOAD Drivers/stm32f4xx_stdperiph_driver/src/stm32f4xx_cryp_tdes.o
LOAD Drivers/stm32f4xx_stdperiph_driver/src/stm32f4xx_dac.o
LOAD Drivers/stm32f4xx_stdperiph_driver/src/stm32f4xx_dbgmcu.o
LOAD Drivers/stm32f4xx_stdperiph_driver/src/stm32f4xx_dcmi.o
LOAD Drivers/stm32f4xx_stdperiph_driver/src/stm32f4xx_dfsdm.o
LOAD Drivers/stm32f4xx_stdperiph_driver/src/stm32f4xx_dma.o
LOAD Drivers/stm32f4xx_stdperiph_driver/src/stm32f4xx_dma2d.o
LOAD Drivers/stm32f4xx_stdperiph_driver/src/stm32f4xx_dsi.o
LOAD Drivers/stm32f4xx_stdperiph_driver/src/stm32f4xx_exti.o
LOAD Drivers/stm32f4xx_stdperiph_driver/src/stm32f4xx_flash.o
LOAD Drivers/stm32f4xx_stdperiph_driver/src/stm32f4xx_flash_ramfunc.o
LOAD Drivers/stm32f4xx_stdperiph_driver/src/stm32f4xx_fmpi2c.o
LOAD Drivers/stm32f4xx_stdperiph_driver/src/stm32f4xx_fsmc.o
LOAD Drivers/stm32f4xx_stdperiph_driver/src/stm32f4xx_gpio.o
LOAD Drivers/stm32f4xx_stdperiph_driver/src/stm32f4xx_hash.o
LOAD Drivers/stm32f4xx_stdperiph_driver/src/stm32f4xx_hash_md5.o
LOAD Drivers/stm32f4xx_stdperiph_driver/src/stm32f4xx_hash_sha1.o
LOAD Drivers/stm32f4xx_stdperiph_driver/src/stm32f4xx_i2c.o
LOAD Drivers/stm32f4xx_stdperiph_driver/src/stm32f4xx_iwdg.o
LOAD Drivers/stm32f4xx_stdperiph_driver/src/stm32f4xx_lptim.o
LOAD Drivers/stm32f4xx_stdperiph_driver/src/stm32f4xx_ltdc.o
LOAD Drivers/stm32f4xx_stdperiph_driver/src/stm32f4xx_pwr.o
LOAD Drivers/stm32f4xx_stdperiph_driver/src/stm32f4xx_qspi.o
LOAD Drivers/stm32f4xx_stdperiph_driver/src/stm32f4xx_rcc.o
LOAD Drivers/stm32f4xx_stdperiph_driver/src/stm32f4xx_rng.o
LOAD Drivers/stm32f4xx_stdperiph_driver/src/stm32f4xx_rtc.o
LOAD Drivers/stm32f4xx_stdperiph_driver/src/stm32f4xx_sai.o
LOAD Drivers/stm32f4xx_stdperiph_driver/src/stm32f4xx_sdio.o
LOAD Drivers/stm32f4xx_stdperiph_driver/src/stm32f4xx_spdifrx.o
LOAD Drivers/stm32f4xx_stdperiph_driver/src/stm32f4xx_spi.o
LOAD Drivers/stm32f4xx_stdperiph_driver/src/stm32f4xx_syscfg.o
LOAD Drivers/stm32f4xx_stdperiph_driver/src/stm32f4xx_tim.o
LOAD Drivers/stm32f4xx_stdperiph_driver/src/stm32f4xx_usart.o
LOAD Drivers/stm32f4xx_stdperiph_driver/src/stm32f4xx_wwdg.o
LOAD src/lib/delay.o
LOAD src/main.o
LOAD src/startup_stm32f413xx.o
LOAD src/syscalls.o
LOAD src/system_stm32f4xx.o
LOAD src/tiny_printf.o
                0x0000000000000080                malloc_getpagesize_P = 0x80
START GROUP
LOAD /opt/Atollic_TrueSTUDIO_for_STM32_x86_64_9.0.1/ARMTools/bin/../lib/gcc/arm-atollic-eabi/6.3.1/../../../../arm-atollic-eabi/lib/armv7e-m/fpu/libc.a
LOAD /opt/Atollic_TrueSTUDIO_for_STM32_x86_64_9.0.1/ARMTools/bin/../lib/gcc/arm-atollic-eabi/6.3.1/../../../../arm-atollic-eabi/lib/armv7e-m/fpu/libm.a
END GROUP
START GROUP
LOAD /opt/Atollic_TrueSTUDIO_for_STM32_x86_64_9.0.1/ARMTools/bin/../lib/gcc/arm-atollic-eabi/6.3.1/armv7e-m/fpu/libgcc.a
LOAD /opt/Atollic_TrueSTUDIO_for_STM32_x86_64_9.0.1/ARMTools/bin/../lib/gcc/arm-atollic-eabi/6.3.1/../../../../arm-atollic-eabi/lib/armv7e-m/fpu/libc.a
END GROUP
START GROUP
LOAD /opt/Atollic_TrueSTUDIO_for_STM32_x86_64_9.0.1/ARMTools/bin/../lib/gcc/arm-atollic-eabi/6.3.1/armv7e-m/fpu/libgcc.a
LOAD /opt/Atollic_TrueSTUDIO_for_STM32_x86_64_9.0.1/ARMTools/bin/../lib/gcc/arm-atollic-eabi/6.3.1/../../../../arm-atollic-eabi/lib/armv7e-m/fpu/libc.a
LOAD /opt/Atollic_TrueSTUDIO_for_STM32_x86_64_9.0.1/ARMTools/bin/../lib/gcc/arm-atollic-eabi/6.3.1/../../../../arm-atollic-eabi/lib/armv7e-m/fpu/libnosys.a
END GROUP
LOAD /opt/Atollic_TrueSTUDIO_for_STM32_x86_64_9.0.1/ARMTools/bin/../lib/gcc/arm-atollic-eabi/6.3.1/armv7e-m/fpu/crtend.o
LOAD /opt/Atollic_TrueSTUDIO_for_STM32_x86_64_9.0.1/ARMTools/bin/../lib/gcc/arm-atollic-eabi/6.3.1/armv7e-m/fpu/crtn.o
                0x0000000020050000                _estack = 0x20050000
                0x0000000000000000                _Min_Heap_Size = 0x0
                0x0000000000000400                _Min_Stack_Size = 0x400

.isr_vector     0x0000000008000000      0x1d8
                0x0000000008000000                . = ALIGN (0x4)
 *(.isr_vector)
 .isr_vector    0x0000000008000000      0x1d8 src/startup_stm32f413xx.o
                0x0000000008000000                g_pfnVectors
                0x00000000080001d8                . = ALIGN (0x4)

.text           0x00000000080001d8      0x99c
                0x00000000080001d8                . = ALIGN (0x4)
 *(.text)
 .text          0x00000000080001d8       0x40 /opt/Atollic_TrueSTUDIO_for_STM32_x86_64_9.0.1/ARMTools/bin/../lib/gcc/arm-atollic-eabi/6.3.1/armv7e-m/fpu/crtbegin.o
 *(.text*)
 .text.GPIO_Init
                0x0000000008000218      0x11c Drivers/stm32f4xx_stdperiph_driver/src/stm32f4xx_gpio.o
                0x0000000008000218                GPIO_Init
 .text.RCC_GetClocksFreq
                0x0000000008000334      0x1f4 Drivers/stm32f4xx_stdperiph_driver/src/stm32f4xx_rcc.o
                0x0000000008000334                RCC_GetClocksFreq
 .text.RCC_AHB1PeriphClockCmd
                0x0000000008000528       0x40 Drivers/stm32f4xx_stdperiph_driver/src/stm32f4xx_rcc.o
                0x0000000008000528                RCC_AHB1PeriphClockCmd
 .text.TM_Delay_Init
                0x0000000008000568       0x3c src/lib/delay.o
                0x0000000008000568                TM_Delay_Init
 .text.TM_DelayMillis
                0x00000000080005a4       0x3c src/lib/delay.o
                0x00000000080005a4                TM_DelayMillis
 .text.main     0x00000000080005e0       0x6c src/main.o
                0x00000000080005e0                main
 .text.Reset_Handler
                0x000000000800064c       0x50 src/startup_stm32f413xx.o
                0x000000000800064c                Reset_Handler
 .text.Default_Handler
                0x000000000800069c        0x2 src/startup_stm32f413xx.o
                0x000000000800069c                RTC_Alarm_IRQHandler
                0x000000000800069c                EXTI2_IRQHandler
                0x000000000800069c                TIM8_CC_IRQHandler
                0x000000000800069c                DebugMon_Handler
                0x000000000800069c                UART8_IRQHandler
                0x000000000800069c                FMPI2C1_EV_IRQHandler
                0x000000000800069c                SPI4_IRQHandler
                0x000000000800069c                TIM1_CC_IRQHandler
                0x000000000800069c                DMA2_Stream5_IRQHandler
                0x000000000800069c                HardFault_Handler
                0x000000000800069c                DMA1_Stream5_IRQHandler
                0x000000000800069c                SysTick_Handler
                0x000000000800069c                CAN3_RX1_IRQHandler
                0x000000000800069c                PVD_IRQHandler
                0x000000000800069c                SDIO_IRQHandler
                0x000000000800069c                TAMP_STAMP_IRQHandler
                0x000000000800069c                PendSV_Handler
                0x000000000800069c                NMI_Handler
                0x000000000800069c                CAN2_RX1_IRQHandler
                0x000000000800069c                EXTI3_IRQHandler
                0x000000000800069c                TIM8_TRG_COM_TIM14_IRQHandler
                0x000000000800069c                DFSDM1_FLT1_IRQHandler
                0x000000000800069c                TIM1_UP_TIM10_IRQHandler
                0x000000000800069c                TIM8_UP_TIM13_IRQHandler
                0x000000000800069c                I2C3_ER_IRQHandler
                0x000000000800069c                EXTI0_IRQHandler
                0x000000000800069c                I2C2_EV_IRQHandler
                0x000000000800069c                DMA1_Stream2_IRQHandler
                0x000000000800069c                CAN1_RX0_IRQHandler
                0x000000000800069c                FPU_IRQHandler
                0x000000000800069c                CAN3_SCE_IRQHandler
                0x000000000800069c                UsageFault_Handler
                0x000000000800069c                CAN2_SCE_IRQHandler
                0x000000000800069c                DMA2_Stream2_IRQHandler
                0x000000000800069c                SPI1_IRQHandler
                0x000000000800069c                TIM6_DAC_IRQHandler
                0x000000000800069c                TIM1_BRK_TIM9_IRQHandler
                0x000000000800069c                CAN2_RX0_IRQHandler
                0x000000000800069c                DMA2_Stream3_IRQHandler
                0x000000000800069c                USART6_IRQHandler
                0x000000000800069c                CAN3_RX0_IRQHandler
                0x000000000800069c                USART3_IRQHandler
                0x000000000800069c                DFSDM2_FLT3_IRQHandler
                0x000000000800069c                CAN1_RX1_IRQHandler
                0x000000000800069c                UART5_IRQHandler
                0x000000000800069c                DMA2_Stream0_IRQHandler
                0x000000000800069c                TIM4_IRQHandler
                0x000000000800069c                QUADSPI_IRQHandler
                0x000000000800069c                I2C1_EV_IRQHandler
                0x000000000800069c                DMA1_Stream6_IRQHandler
                0x000000000800069c                DMA1_Stream1_IRQHandler
                0x000000000800069c                UART4_IRQHandler
                0x000000000800069c                TIM3_IRQHandler
                0x000000000800069c                RCC_IRQHandler
                0x000000000800069c                UART9_IRQHandler
                0x000000000800069c                TIM8_BRK_TIM12_IRQHandler
                0x000000000800069c                Default_Handler
                0x000000000800069c                EXTI15_10_IRQHandler
                0x000000000800069c                ADC_IRQHandler
                0x000000000800069c                DMA1_Stream7_IRQHandler
                0x000000000800069c                DFSDM2_FLT0_IRQHandler
                0x000000000800069c                SPI5_IRQHandler
                0x000000000800069c                TIM7_IRQHandler
                0x000000000800069c                CAN2_TX_IRQHandler
                0x000000000800069c                TIM5_IRQHandler
                0x000000000800069c                DMA2_Stream7_IRQHandler
                0x000000000800069c                I2C3_EV_IRQHandler
                0x000000000800069c                DFSDM2_FLT2_IRQHandler
                0x000000000800069c                EXTI9_5_IRQHandler
                0x000000000800069c                RTC_WKUP_IRQHandler
                0x000000000800069c                SPI2_IRQHandler
                0x000000000800069c                MemManage_Handler
                0x000000000800069c                DMA1_Stream0_IRQHandler
                0x000000000800069c                CAN1_TX_IRQHandler
                0x000000000800069c                SVC_Handler
                0x000000000800069c                FMPI2C1_ER_IRQHandler
                0x000000000800069c                EXTI4_IRQHandler
                0x000000000800069c                DFSDM2_FLT1_IRQHandler
                0x000000000800069c                RNG_IRQHandler
                0x000000000800069c                FSMC_IRQHandler
                0x000000000800069c                WWDG_IRQHandler
                0x000000000800069c                CAN3_TX_IRQHandler
                0x000000000800069c                TIM2_IRQHandler
                0x000000000800069c                OTG_FS_WKUP_IRQHandler
                0x000000000800069c                TIM1_TRG_COM_TIM11_IRQHandler
                0x000000000800069c                EXTI1_IRQHandler
                0x000000000800069c                UART7_IRQHandler
                0x000000000800069c                USART2_IRQHandler
                0x000000000800069c                DFSDM1_FLT0_IRQHandler
                0x000000000800069c                I2C2_ER_IRQHandler
                0x000000000800069c                DMA2_Stream1_IRQHandler
                0x000000000800069c                CAN1_SCE_IRQHandler
                0x000000000800069c                FLASH_IRQHandler
                0x000000000800069c                DMA2_Stream4_IRQHandler
                0x000000000800069c                BusFault_Handler
                0x000000000800069c                USART1_IRQHandler
                0x000000000800069c                OTG_FS_IRQHandler
                0x000000000800069c                SPI3_IRQHandler
                0x000000000800069c                DMA1_Stream4_IRQHandler
                0x000000000800069c                I2C1_ER_IRQHandler
                0x000000000800069c                LPTIM1_IRQHandler
                0x000000000800069c                DMA2_Stream6_IRQHandler
                0x000000000800069c                UART10_IRQHandler
                0x000000000800069c                SAI1_IRQHandler
                0x000000000800069c                DMA1_Stream3_IRQHandler
 .text.ITM_SendChar
                0x000000000800069e       0x4c src/syscalls.o
 .text._write   0x00000000080006ea       0x3c src/syscalls.o
                0x00000000080006ea                _write
 *fill*         0x0000000008000726        0x2 
 .text.SystemInit
                0x0000000008000728       0x6c src/system_stm32f4xx.o
                0x0000000008000728                SystemInit
 .text.ts_itoa  0x0000000008000794       0x92 src/tiny_printf.o
                0x0000000008000794                ts_itoa
 .text.ts_formatstring
                0x0000000008000826      0x12e src/tiny_printf.o
                0x0000000008000826                ts_formatstring
 .text.ts_formatlength
                0x0000000008000954      0x12c src/tiny_printf.o
                0x0000000008000954                ts_formatlength
 .text.iprintf  0x0000000008000a80       0x92 src/tiny_printf.o
                0x0000000008000a80                printf
                0x0000000008000a80                iprintf
 *fill*         0x0000000008000b12        0x2 
 .text.__libc_init_array
                0x0000000008000b14       0x48 /opt/Atollic_TrueSTUDIO_for_STM32_x86_64_9.0.1/ARMTools/bin/../lib/gcc/arm-atollic-eabi/6.3.1/../../../../arm-atollic-eabi/lib/armv7e-m/fpu/libc.a(lib_a-init.o)
                0x0000000008000b14                __libc_init_array
 *(.glue_7)
 .glue_7        0x0000000008000b5c        0x0 linker stubs
 *(.glue_7t)
 .glue_7t       0x0000000008000b5c        0x0 linker stubs
 *(.eh_frame)
 .eh_frame      0x0000000008000b5c        0x0 /opt/Atollic_TrueSTUDIO_for_STM32_x86_64_9.0.1/ARMTools/bin/../lib/gcc/arm-atollic-eabi/6.3.1/armv7e-m/fpu/crtbegin.o
 *(.init)
 .init          0x0000000008000b5c        0x4 /opt/Atollic_TrueSTUDIO_for_STM32_x86_64_9.0.1/ARMTools/bin/../lib/gcc/arm-atollic-eabi/6.3.1/armv7e-m/fpu/crti.o
                0x0000000008000b5c                _init
 .init          0x0000000008000b60        0x8 /opt/Atollic_TrueSTUDIO_for_STM32_x86_64_9.0.1/ARMTools/bin/../lib/gcc/arm-atollic-eabi/6.3.1/armv7e-m/fpu/crtn.o
 *(.fini)
 .fini          0x0000000008000b68        0x4 /opt/Atollic_TrueSTUDIO_for_STM32_x86_64_9.0.1/ARMTools/bin/../lib/gcc/arm-atollic-eabi/6.3.1/armv7e-m/fpu/crti.o
                0x0000000008000b68                _fini
 .fini          0x0000000008000b6c        0x8 /opt/Atollic_TrueSTUDIO_for_STM32_x86_64_9.0.1/ARMTools/bin/../lib/gcc/arm-atollic-eabi/6.3.1/armv7e-m/fpu/crtn.o
                0x0000000008000b74                . = ALIGN (0x4)
                0x0000000008000b74                _etext = .

.vfp11_veneer   0x0000000008000b74        0x0
 .vfp11_veneer  0x0000000008000b74        0x0 linker stubs

.v4_bx          0x0000000008000b74        0x0
 .v4_bx         0x0000000008000b74        0x0 linker stubs

.iplt           0x0000000008000b74        0x0
 .iplt          0x0000000008000b74        0x0 /opt/Atollic_TrueSTUDIO_for_STM32_x86_64_9.0.1/ARMTools/bin/../lib/gcc/arm-atollic-eabi/6.3.1/armv7e-m/fpu/crtbegin.o

.rodata         0x0000000008000b74       0x24
                0x0000000008000b74                . = ALIGN (0x4)
 *(.rodata)
 .rodata        0x0000000008000b74        0x9 src/lib/delay.o
 *fill*         0x0000000008000b7d        0x3 
 .rodata        0x0000000008000b80       0x18 src/main.o
 *(.rodata*)
                0x0000000008000b98                . = ALIGN (0x4)

.rel.dyn        0x0000000008000b98        0x0
 .rel.iplt      0x0000000008000b98        0x0 /opt/Atollic_TrueSTUDIO_for_STM32_x86_64_9.0.1/ARMTools/bin/../lib/gcc/arm-atollic-eabi/6.3.1/armv7e-m/fpu/crtbegin.o

.ARM.extab
 *(.ARM.extab* .gnu.linkonce.armextab.*)

.ARM            0x0000000008000b98        0x0
                0x0000000008000b98                __exidx_start = .
 *(.ARM.exidx*)
                0x0000000008000b98                __exidx_end = .

.preinit_array  0x0000000008000b98        0x0
                0x0000000008000b98                PROVIDE (__preinit_array_start, .)
 *(.preinit_array*)
                0x0000000008000b98                PROVIDE (__preinit_array_end, .)

.init_array     0x0000000008000b98        0x4
                0x0000000008000b98                PROVIDE (__init_array_start, .)
 *(SORT(.init_array.*))
 *(.init_array*)
 .init_array    0x0000000008000b98        0x4 /opt/Atollic_TrueSTUDIO_for_STM32_x86_64_9.0.1/ARMTools/bin/../lib/gcc/arm-atollic-eabi/6.3.1/armv7e-m/fpu/crtbegin.o
                0x0000000008000b9c                PROVIDE (__init_array_end, .)

.fini_array     0x0000000008000b9c        0x4
                [!provide]                        PROVIDE (__fini_array_start, .)
 *(SORT(.fini_array.*))
 *(.fini_array*)
 .fini_array    0x0000000008000b9c        0x4 /opt/Atollic_TrueSTUDIO_for_STM32_x86_64_9.0.1/ARMTools/bin/../lib/gcc/arm-atollic-eabi/6.3.1/armv7e-m/fpu/crtbegin.o
                [!provide]                        PROVIDE (__fini_array_end, .)
                0x0000000008000ba0                _sidata = LOADADDR (.data)

.data           0x0000000020000000       0x10 load address 0x0000000008000ba0
                0x0000000020000000                . = ALIGN (0x4)
                0x0000000020000000                _sdata = .
 *(.data)
 *(.data*)
 .data.APBAHBPrescTable
                0x0000000020000000       0x10 Drivers/stm32f4xx_stdperiph_driver/src/stm32f4xx_rcc.o
                0x0000000020000010                . = ALIGN (0x4)
                0x0000000020000010                _edata = .

.igot.plt       0x0000000020000010        0x0 load address 0x0000000008000bb0
 .igot.plt      0x0000000020000010        0x0 /opt/Atollic_TrueSTUDIO_for_STM32_x86_64_9.0.1/ARMTools/bin/../lib/gcc/arm-atollic-eabi/6.3.1/armv7e-m/fpu/crtbegin.o
                0x0000000020000010                . = ALIGN (0x4)

.bss            0x0000000020000010       0x28 load address 0x0000000008000bb0
                0x0000000020000010                _sbss = .
                0x0000000020000010                __bss_start__ = _sbss
 *(.bss)
 .bss           0x0000000020000010       0x1c /opt/Atollic_TrueSTUDIO_for_STM32_x86_64_9.0.1/ARMTools/bin/../lib/gcc/arm-atollic-eabi/6.3.1/armv7e-m/fpu/crtbegin.o
 *(.bss*)
 *(COMMON)
 COMMON         0x000000002000002c        0x4 src/lib/delay.o
                0x000000002000002c                multiplier
 COMMON         0x0000000020000030        0x8 src/main.o
                0x0000000020000030                GPIO_InitStructure
                0x0000000020000038                . = ALIGN (0x4)
                0x0000000020000038                _ebss = .
                0x0000000020000038                __bss_end__ = _ebss

._user_heap_stack
                0x0000000020000038      0x400 load address 0x0000000008000bb0
                0x0000000020000038                . = ALIGN (0x4)
                0x0000000020000038                PROVIDE (end, .)
                [!provide]                        PROVIDE (_end, .)
                0x0000000020000038                . = (. + _Min_Heap_Size)
                0x0000000020000438                . = (. + _Min_Stack_Size)
 *fill*         0x0000000020000038      0x400 
                0x0000000020000438                . = ALIGN (0x4)

.memory_b1_text
 *(.mb1text)
 *(.mb1text*)
 *(.mb1rodata)
 *(.mb1rodata*)

/DISCARD/
 libc.a(*)
 libm.a(*)
 libgcc.a(*)

.ARM.attributes
                0x0000000000000000       0x30
 *(.ARM.attributes)
 .ARM.attributes
                0x0000000000000000       0x22 /opt/Atollic_TrueSTUDIO_for_STM32_x86_64_9.0.1/ARMTools/bin/../lib/gcc/arm-atollic-eabi/6.3.1/armv7e-m/fpu/crti.o
 .ARM.attributes
                0x0000000000000022       0x34 /opt/Atollic_TrueSTUDIO_for_STM32_x86_64_9.0.1/ARMTools/bin/../lib/gcc/arm-atollic-eabi/6.3.1/armv7e-m/fpu/crtbegin.o
 .ARM.attributes
                0x0000000000000056       0x39 Drivers/stm32f4xx_stdperiph_driver/src/stm32f4xx_gpio.o
 .ARM.attributes
                0x000000000000008f       0x39 Drivers/stm32f4xx_stdperiph_driver/src/stm32f4xx_rcc.o
 .ARM.attributes
                0x00000000000000c8       0x39 src/lib/delay.o
 .ARM.attributes
                0x0000000000000101       0x39 src/main.o
 .ARM.attributes
                0x000000000000013a       0x21 src/startup_stm32f413xx.o
 .ARM.attributes
                0x000000000000015b       0x39 src/syscalls.o
 .ARM.attributes
                0x0000000000000194       0x39 src/system_stm32f4xx.o
 .ARM.attributes
                0x00000000000001cd       0x39 src/tiny_printf.o
 .ARM.attributes
                0x0000000000000206       0x34 /opt/Atollic_TrueSTUDIO_for_STM32_x86_64_9.0.1/ARMTools/bin/../lib/gcc/arm-atollic-eabi/6.3.1/../../../../arm-atollic-eabi/lib/armv7e-m/fpu/libc.a(lib_a-init.o)
 .ARM.attributes
                0x000000000000023a       0x22 /opt/Atollic_TrueSTUDIO_for_STM32_x86_64_9.0.1/ARMTools/bin/../lib/gcc/arm-atollic-eabi/6.3.1/armv7e-m/fpu/crtn.o
OUTPUT(mine_detection_vehicle.elf elf32-littlearm)

.debug_info     0x0000000000000000     0x4ffa
 .debug_info    0x0000000000000000      0x628 Drivers/stm32f4xx_stdperiph_driver/src/stm32f4xx_gpio.o
 .debug_info    0x0000000000000628     0x101e Drivers/stm32f4xx_stdperiph_driver/src/stm32f4xx_rcc.o
 .debug_info    0x0000000000001646      0x9aa src/lib/delay.o
 .debug_info    0x0000000000001ff0      0xb09 src/main.o
 .debug_info    0x0000000000002af9       0x74 src/startup_stm32f413xx.o
 .debug_info    0x0000000000002b6d     0x12fe src/syscalls.o
 .debug_info    0x0000000000003e6b      0x4fe src/system_stm32f4xx.o
 .debug_info    0x0000000000004369      0xc91 src/tiny_printf.o

.debug_abbrev   0x0000000000000000      0xd64
 .debug_abbrev  0x0000000000000000      0x1b8 Drivers/stm32f4xx_stdperiph_driver/src/stm32f4xx_gpio.o
 .debug_abbrev  0x00000000000001b8      0x1cf Drivers/stm32f4xx_stdperiph_driver/src/stm32f4xx_rcc.o
 .debug_abbrev  0x0000000000000387      0x1c1 src/lib/delay.o
 .debug_abbrev  0x0000000000000548      0x1bd src/main.o
 .debug_abbrev  0x0000000000000705       0x12 src/startup_stm32f413xx.o
 .debug_abbrev  0x0000000000000717      0x2cc src/syscalls.o
 .debug_abbrev  0x00000000000009e3      0x11f src/system_stm32f4xx.o
 .debug_abbrev  0x0000000000000b02      0x262 src/tiny_printf.o

.debug_aranges  0x0000000000000000      0x458
 .debug_aranges
                0x0000000000000000       0x88 Drivers/stm32f4xx_stdperiph_driver/src/stm32f4xx_gpio.o
 .debug_aranges
                0x0000000000000088      0x200 Drivers/stm32f4xx_stdperiph_driver/src/stm32f4xx_rcc.o
 .debug_aranges
                0x0000000000000288       0x30 src/lib/delay.o
 .debug_aranges
                0x00000000000002b8       0x20 src/main.o
 .debug_aranges
                0x00000000000002d8       0x28 src/startup_stm32f413xx.o
 .debug_aranges
                0x0000000000000300       0xd0 src/syscalls.o
 .debug_aranges
                0x00000000000003d0       0x28 src/system_stm32f4xx.o
 .debug_aranges
                0x00000000000003f8       0x60 src/tiny_printf.o

.debug_ranges   0x0000000000000000      0x3e0
 .debug_ranges  0x0000000000000000       0x78 Drivers/stm32f4xx_stdperiph_driver/src/stm32f4xx_gpio.o
 .debug_ranges  0x0000000000000078      0x1f0 Drivers/stm32f4xx_stdperiph_driver/src/stm32f4xx_rcc.o
 .debug_ranges  0x0000000000000268       0x20 src/lib/delay.o
 .debug_ranges  0x0000000000000288       0x10 src/main.o
 .debug_ranges  0x0000000000000298       0x20 src/startup_stm32f413xx.o
 .debug_ranges  0x00000000000002b8       0xc0 src/syscalls.o
 .debug_ranges  0x0000000000000378       0x18 src/system_stm32f4xx.o
 .debug_ranges  0x0000000000000390       0x50 src/tiny_printf.o

.debug_line     0x0000000000000000     0x18fb
 .debug_line    0x0000000000000000      0x370 Drivers/stm32f4xx_stdperiph_driver/src/stm32f4xx_gpio.o
 .debug_line    0x0000000000000370      0x729 Drivers/stm32f4xx_stdperiph_driver/src/stm32f4xx_rcc.o
 .debug_line    0x0000000000000a99      0x278 src/lib/delay.o
 .debug_line    0x0000000000000d11      0x273 src/main.o
 .debug_line    0x0000000000000f84       0x7b src/startup_stm32f413xx.o
 .debug_line    0x0000000000000fff      0x49d src/syscalls.o
 .debug_line    0x000000000000149c      0x1c1 src/system_stm32f4xx.o
 .debug_line    0x000000000000165d      0x29e src/tiny_printf.o

.debug_str      0x0000000000000000     0x1665
 .debug_str     0x0000000000000000      0x4c9 Drivers/stm32f4xx_stdperiph_driver/src/stm32f4xx_gpio.o
                                        0x51f (size before relaxing)
 .debug_str     0x00000000000004c9      0x948 Drivers/stm32f4xx_stdperiph_driver/src/stm32f4xx_rcc.o
                                        0xb8b (size before relaxing)
 .debug_str     0x0000000000000e11      0x42b src/lib/delay.o
                                        0x6a3 (size before relaxing)
 .debug_str     0x000000000000123c       0x26 src/main.o
                                        0x7c4 (size before relaxing)
 .debug_str     0x0000000000001262      0x2db src/syscalls.o
                                        0x9b6 (size before relaxing)
 .debug_str     0x000000000000153d       0x8f src/system_stm32f4xx.o
                                        0x3b5 (size before relaxing)
 .debug_str     0x00000000000015cc       0x99 src/tiny_printf.o
                                        0x67c (size before relaxing)

.comment        0x0000000000000000       0x7c
 .comment       0x0000000000000000       0x7c Drivers/stm32f4xx_stdperiph_driver/src/stm32f4xx_gpio.o
                                         0x7d (size before relaxing)
 .comment       0x000000000000007c       0x7d Drivers/stm32f4xx_stdperiph_driver/src/stm32f4xx_rcc.o
 .comment       0x000000000000007c       0x7d src/lib/delay.o
 .comment       0x000000000000007c       0x7d src/main.o
 .comment       0x000000000000007c       0x7d src/syscalls.o
 .comment       0x000000000000007c       0x7d src/system_stm32f4xx.o
 .comment       0x000000000000007c       0x7d src/tiny_printf.o

.debug_frame    0x0000000000000000     0x1228
 .debug_frame   0x0000000000000000      0x23c Drivers/stm32f4xx_stdperiph_driver/src/stm32f4xx_gpio.o
 .debug_frame   0x000000000000023c      0x97c Drivers/stm32f4xx_stdperiph_driver/src/stm32f4xx_rcc.o
 .debug_frame   0x0000000000000bb8       0x84 src/lib/delay.o
 .debug_frame   0x0000000000000c3c       0x2c src/main.o
 .debug_frame   0x0000000000000c68      0x380 src/syscalls.o
 .debug_frame   0x0000000000000fe8       0x58 src/system_stm32f4xx.o
 .debug_frame   0x0000000000001040      0x1bc src/tiny_printf.o
 .debug_frame   0x00000000000011fc       0x2c /opt/Atollic_TrueSTUDIO_for_STM32_x86_64_9.0.1/ARMTools/bin/../lib/gcc/arm-atollic-eabi/6.3.1/../../../../arm-atollic-eabi/lib/armv7e-m/fpu/libc.a(lib_a-init.o)

Cross Reference Table

Symbol                                            File
ADC_AnalogWatchdogCmd                             Drivers/stm32f4xx_stdperiph_driver/src/stm32f4xx_adc.o
ADC_AnalogWatchdogSingleChannelConfig             Drivers/stm32f4xx_stdperiph_driver/src/stm32f4xx_adc.o
ADC_AnalogWatchdogThresholdsConfig                Drivers/stm32f4xx_stdperiph_driver/src/stm32f4xx_adc.o
ADC_AutoInjectedConvCmd                           Drivers/stm32f4xx_stdperiph_driver/src/stm32f4xx_adc.o
ADC_ClearFlag                                     Drivers/stm32f4xx_stdperiph_driver/src/stm32f4xx_adc.o
ADC_ClearITPendingBit                             Drivers/stm32f4xx_stdperiph_driver/src/stm32f4xx_adc.o
ADC_Cmd                                           Drivers/stm32f4xx_stdperiph_driver/src/stm32f4xx_adc.o
ADC_CommonInit                                    Drivers/stm32f4xx_stdperiph_driver/src/stm32f4xx_adc.o
ADC_CommonStructInit                              Drivers/stm32f4xx_stdperiph_driver/src/stm32f4xx_adc.o
ADC_ContinuousModeCmd                             Drivers/stm32f4xx_stdperiph_driver/src/stm32f4xx_adc.o
ADC_DMACmd                                        Drivers/stm32f4xx_stdperiph_driver/src/stm32f4xx_adc.o
ADC_DMARequestAfterLastTransferCmd                Drivers/stm32f4xx_stdperiph_driver/src/stm32f4xx_adc.o
ADC_DeInit                                        Drivers/stm32f4xx_stdperiph_driver/src/stm32f4xx_adc.o
ADC_DiscModeChannelCountConfig                    Drivers/stm32f4xx_stdperiph_driver/src/stm32f4xx_adc.o
ADC_DiscModeCmd                                   Drivers/stm32f4xx_stdperiph_driver/src/stm32f4xx_adc.o
ADC_EOCOnEachRegularChannelCmd                    Drivers/stm32f4xx_stdperiph_driver/src/stm32f4xx_adc.o
ADC_ExternalTrigInjectedConvConfig                Drivers/stm32f4xx_stdperiph_driver/src/stm32f4xx_adc.o
ADC_ExternalTrigInjectedConvEdgeConfig            Drivers/stm32f4xx_stdperiph_driver/src/stm32f4xx_adc.o
ADC_GetConversionValue                            Drivers/stm32f4xx_stdperiph_driver/src/stm32f4xx_adc.o
ADC_GetFlagStatus                                 Drivers/stm32f4xx_stdperiph_driver/src/stm32f4xx_adc.o
ADC_GetITStatus                                   Drivers/stm32f4xx_stdperiph_driver/src/stm32f4xx_adc.o
ADC_GetInjectedConversionValue                    Drivers/stm32f4xx_stdperiph_driver/src/stm32f4xx_adc.o
ADC_GetMultiModeConversionValue                   Drivers/stm32f4xx_stdperiph_driver/src/stm32f4xx_adc.o
ADC_GetSoftwareStartConvStatus                    Drivers/stm32f4xx_stdperiph_driver/src/stm32f4xx_adc.o
ADC_GetSoftwareStartInjectedConvCmdStatus         Drivers/stm32f4xx_stdperiph_driver/src/stm32f4xx_adc.o
ADC_IRQHandler                                    src/startup_stm32f413xx.o
ADC_ITConfig                                      Drivers/stm32f4xx_stdperiph_driver/src/stm32f4xx_adc.o
ADC_Init                                          Drivers/stm32f4xx_stdperiph_driver/src/stm32f4xx_adc.o
ADC_InjectedChannelConfig                         Drivers/stm32f4xx_stdperiph_driver/src/stm32f4xx_adc.o
ADC_InjectedDiscModeCmd                           Drivers/stm32f4xx_stdperiph_driver/src/stm32f4xx_adc.o
ADC_InjectedSequencerLengthConfig                 Drivers/stm32f4xx_stdperiph_driver/src/stm32f4xx_adc.o
ADC_MultiModeDMARequestAfterLastTransferCmd       Drivers/stm32f4xx_stdperiph_driver/src/stm32f4xx_adc.o
ADC_RegularChannelConfig                          Drivers/stm32f4xx_stdperiph_driver/src/stm32f4xx_adc.o
ADC_SetInjectedOffset                             Drivers/stm32f4xx_stdperiph_driver/src/stm32f4xx_adc.o
ADC_SoftwareStartConv                             Drivers/stm32f4xx_stdperiph_driver/src/stm32f4xx_adc.o
ADC_SoftwareStartInjectedConv                     Drivers/stm32f4xx_stdperiph_driver/src/stm32f4xx_adc.o
ADC_StructInit                                    Drivers/stm32f4xx_stdperiph_driver/src/stm32f4xx_adc.o
ADC_TempSensorVrefintCmd                          Drivers/stm32f4xx_stdperiph_driver/src/stm32f4xx_adc.o
ADC_VBATCmd                                       Drivers/stm32f4xx_stdperiph_driver/src/stm32f4xx_adc.o
AHBPrescTable                                     src/system_stm32f4xx.o
BusFault_Handler                                  src/startup_stm32f413xx.o
CAN1_RX0_IRQHandler                               src/startup_stm32f413xx.o
CAN1_RX1_IRQHandler                               src/startup_stm32f413xx.o
CAN1_SCE_IRQHandler                               src/startup_stm32f413xx.o
CAN1_TX_IRQHandler                                src/startup_stm32f413xx.o
CAN2_RX0_IRQHandler                               src/startup_stm32f413xx.o
CAN2_RX1_IRQHandler                               src/startup_stm32f413xx.o
CAN2_SCE_IRQHandler                               src/startup_stm32f413xx.o
CAN2_TX_IRQHandler                                src/startup_stm32f413xx.o
CAN3_RX0_IRQHandler                               src/startup_stm32f413xx.o
CAN3_RX1_IRQHandler                               src/startup_stm32f413xx.o
CAN3_SCE_IRQHandler                               src/startup_stm32f413xx.o
CAN3_TX_IRQHandler                                src/startup_stm32f413xx.o
CAN_CancelTransmit                                Drivers/stm32f4xx_stdperiph_driver/src/stm32f4xx_can.o
CAN_ClearFlag                                     Drivers/stm32f4xx_stdperiph_driver/src/stm32f4xx_can.o
CAN_ClearITPendingBit                             Drivers/stm32f4xx_stdperiph_driver/src/stm32f4xx_can.o
CAN_DBGFreeze                                     Drivers/stm32f4xx_stdperiph_driver/src/stm32f4xx_can.o
CAN_DeInit                                        Drivers/stm32f4xx_stdperiph_driver/src/stm32f4xx_can.o
CAN_FIFORelease                                   Drivers/stm32f4xx_stdperiph_driver/src/stm32f4xx_can.o
CAN_FilterInit                                    Drivers/stm32f4xx_stdperiph_driver/src/stm32f4xx_can.o
CAN_GetFlagStatus                                 Drivers/stm32f4xx_stdperiph_driver/src/stm32f4xx_can.o
CAN_GetITStatus                                   Drivers/stm32f4xx_stdperiph_driver/src/stm32f4xx_can.o
CAN_GetLSBTransmitErrorCounter                    Drivers/stm32f4xx_stdperiph_driver/src/stm32f4xx_can.o
CAN_GetLastErrorCode                              Drivers/stm32f4xx_stdperiph_driver/src/stm32f4xx_can.o
CAN_GetReceiveErrorCounter                        Drivers/stm32f4xx_stdperiph_driver/src/stm32f4xx_can.o
CAN_ITConfig                                      Drivers/stm32f4xx_stdperiph_driver/src/stm32f4xx_can.o
CAN_Init                                          Drivers/stm32f4xx_stdperiph_driver/src/stm32f4xx_can.o
CAN_MessagePending                                Drivers/stm32f4xx_stdperiph_driver/src/stm32f4xx_can.o
CAN_OperatingModeRequest                          Drivers/stm32f4xx_stdperiph_driver/src/stm32f4xx_can.o
CAN_Receive                                       Drivers/stm32f4xx_stdperiph_driver/src/stm32f4xx_can.o
CAN_SlaveStartBank                                Drivers/stm32f4xx_stdperiph_driver/src/stm32f4xx_can.o
CAN_Sleep                                         Drivers/stm32f4xx_stdperiph_driver/src/stm32f4xx_can.o
CAN_StructInit                                    Drivers/stm32f4xx_stdperiph_driver/src/stm32f4xx_can.o
CAN_TTComModeCmd                                  Drivers/stm32f4xx_stdperiph_driver/src/stm32f4xx_can.o
CAN_Transmit                                      Drivers/stm32f4xx_stdperiph_driver/src/stm32f4xx_can.o
CAN_TransmitStatus                                Drivers/stm32f4xx_stdperiph_driver/src/stm32f4xx_can.o
CAN_WakeUp                                        Drivers/stm32f4xx_stdperiph_driver/src/stm32f4xx_can.o
CRC_CalcBlockCRC                                  Drivers/stm32f4xx_stdperiph_driver/src/stm32f4xx_crc.o
CRC_CalcCRC                                       Drivers/stm32f4xx_stdperiph_driver/src/stm32f4xx_crc.o
CRC_GetCRC                                        Drivers/stm32f4xx_stdperiph_driver/src/stm32f4xx_crc.o
CRC_GetIDRegister                                 Drivers/stm32f4xx_stdperiph_driver/src/stm32f4xx_crc.o
CRC_ResetDR                                       Drivers/stm32f4xx_stdperiph_driver/src/stm32f4xx_crc.o
CRC_SetIDRegister                                 Drivers/stm32f4xx_stdperiph_driver/src/stm32f4xx_crc.o
CRYP_AES_CBC                                      Drivers/stm32f4xx_stdperiph_driver/src/stm32f4xx_cryp_aes.o
CRYP_AES_CCM                                      Drivers/stm32f4xx_stdperiph_driver/src/stm32f4xx_cryp_aes.o
CRYP_AES_CTR                                      Drivers/stm32f4xx_stdperiph_driver/src/stm32f4xx_cryp_aes.o
CRYP_AES_ECB                                      Drivers/stm32f4xx_stdperiph_driver/src/stm32f4xx_cryp_aes.o
CRYP_AES_GCM                                      Drivers/stm32f4xx_stdperiph_driver/src/stm32f4xx_cryp_aes.o
CRYP_Cmd                                          Drivers/stm32f4xx_stdperiph_driver/src/stm32f4xx_cryp.o
                                                  Drivers/stm32f4xx_stdperiph_driver/src/stm32f4xx_cryp_tdes.o
                                                  Drivers/stm32f4xx_stdperiph_driver/src/stm32f4xx_cryp_des.o
                                                  Drivers/stm32f4xx_stdperiph_driver/src/stm32f4xx_cryp_aes.o
CRYP_DES_CBC                                      Drivers/stm32f4xx_stdperiph_driver/src/stm32f4xx_cryp_des.o
CRYP_DES_ECB                                      Drivers/stm32f4xx_stdperiph_driver/src/stm32f4xx_cryp_des.o
CRYP_DMACmd                                       Drivers/stm32f4xx_stdperiph_driver/src/stm32f4xx_cryp.o
CRYP_DataIn                                       Drivers/stm32f4xx_stdperiph_driver/src/stm32f4xx_cryp.o
                                                  Drivers/stm32f4xx_stdperiph_driver/src/stm32f4xx_cryp_tdes.o
                                                  Drivers/stm32f4xx_stdperiph_driver/src/stm32f4xx_cryp_des.o
                                                  Drivers/stm32f4xx_stdperiph_driver/src/stm32f4xx_cryp_aes.o
CRYP_DataOut                                      Drivers/stm32f4xx_stdperiph_driver/src/stm32f4xx_cryp.o
                                                  Drivers/stm32f4xx_stdperiph_driver/src/stm32f4xx_cryp_tdes.o
                                                  Drivers/stm32f4xx_stdperiph_driver/src/stm32f4xx_cryp_des.o
                                                  Drivers/stm32f4xx_stdperiph_driver/src/stm32f4xx_cryp_aes.o
CRYP_DeInit                                       Drivers/stm32f4xx_stdperiph_driver/src/stm32f4xx_cryp.o
CRYP_FIFOFlush                                    Drivers/stm32f4xx_stdperiph_driver/src/stm32f4xx_cryp.o
                                                  Drivers/stm32f4xx_stdperiph_driver/src/stm32f4xx_cryp_tdes.o
                                                  Drivers/stm32f4xx_stdperiph_driver/src/stm32f4xx_cryp_des.o
                                                  Drivers/stm32f4xx_stdperiph_driver/src/stm32f4xx_cryp_aes.o
CRYP_GetCmdStatus                                 Drivers/stm32f4xx_stdperiph_driver/src/stm32f4xx_cryp.o
                                                  Drivers/stm32f4xx_stdperiph_driver/src/stm32f4xx_cryp_tdes.o
                                                  Drivers/stm32f4xx_stdperiph_driver/src/stm32f4xx_cryp_des.o
                                                  Drivers/stm32f4xx_stdperiph_driver/src/stm32f4xx_cryp_aes.o
CRYP_GetFlagStatus                                Drivers/stm32f4xx_stdperiph_driver/src/stm32f4xx_cryp.o
                                                  Drivers/stm32f4xx_stdperiph_driver/src/stm32f4xx_cryp_tdes.o
                                                  Drivers/stm32f4xx_stdperiph_driver/src/stm32f4xx_cryp_des.o
                                                  Drivers/stm32f4xx_stdperiph_driver/src/stm32f4xx_cryp_aes.o
CRYP_GetITStatus                                  Drivers/stm32f4xx_stdperiph_driver/src/stm32f4xx_cryp.o
CRYP_ITConfig                                     Drivers/stm32f4xx_stdperiph_driver/src/stm32f4xx_cryp.o
CRYP_IVInit                                       Drivers/stm32f4xx_stdperiph_driver/src/stm32f4xx_cryp.o
                                                  Drivers/stm32f4xx_stdperiph_driver/src/stm32f4xx_cryp_tdes.o
                                                  Drivers/stm32f4xx_stdperiph_driver/src/stm32f4xx_cryp_des.o
                                                  Drivers/stm32f4xx_stdperiph_driver/src/stm32f4xx_cryp_aes.o
CRYP_IVStructInit                                 Drivers/stm32f4xx_stdperiph_driver/src/stm32f4xx_cryp.o
CRYP_Init                                         Drivers/stm32f4xx_stdperiph_driver/src/stm32f4xx_cryp.o
                                                  Drivers/stm32f4xx_stdperiph_driver/src/stm32f4xx_cryp_tdes.o
                                                  Drivers/stm32f4xx_stdperiph_driver/src/stm32f4xx_cryp_des.o
                                                  Drivers/stm32f4xx_stdperiph_driver/src/stm32f4xx_cryp_aes.o
CRYP_KeyInit                                      Drivers/stm32f4xx_stdperiph_driver/src/stm32f4xx_cryp.o
                                                  Drivers/stm32f4xx_stdperiph_driver/src/stm32f4xx_cryp_tdes.o
                                                  Drivers/stm32f4xx_stdperiph_driver/src/stm32f4xx_cryp_des.o
                                                  Drivers/stm32f4xx_stdperiph_driver/src/stm32f4xx_cryp_aes.o
CRYP_KeyStructInit                                Drivers/stm32f4xx_stdperiph_driver/src/stm32f4xx_cryp.o
                                                  Drivers/stm32f4xx_stdperiph_driver/src/stm32f4xx_cryp_tdes.o
                                                  Drivers/stm32f4xx_stdperiph_driver/src/stm32f4xx_cryp_des.o
                                                  Drivers/stm32f4xx_stdperiph_driver/src/stm32f4xx_cryp_aes.o
CRYP_PhaseConfig                                  Drivers/stm32f4xx_stdperiph_driver/src/stm32f4xx_cryp.o
                                                  Drivers/stm32f4xx_stdperiph_driver/src/stm32f4xx_cryp_aes.o
CRYP_RestoreContext                               Drivers/stm32f4xx_stdperiph_driver/src/stm32f4xx_cryp.o
CRYP_SaveContext                                  Drivers/stm32f4xx_stdperiph_driver/src/stm32f4xx_cryp.o
CRYP_StructInit                                   Drivers/stm32f4xx_stdperiph_driver/src/stm32f4xx_cryp.o
CRYP_TDES_CBC                                     Drivers/stm32f4xx_stdperiph_driver/src/stm32f4xx_cryp_tdes.o
CRYP_TDES_ECB                                     Drivers/stm32f4xx_stdperiph_driver/src/stm32f4xx_cryp_tdes.o
DAC_ClearFlag                                     Drivers/stm32f4xx_stdperiph_driver/src/stm32f4xx_dac.o
DAC_ClearITPendingBit                             Drivers/stm32f4xx_stdperiph_driver/src/stm32f4xx_dac.o
DAC_Cmd                                           Drivers/stm32f4xx_stdperiph_driver/src/stm32f4xx_dac.o
DAC_DMACmd                                        Drivers/stm32f4xx_stdperiph_driver/src/stm32f4xx_dac.o
DAC_DeInit                                        Drivers/stm32f4xx_stdperiph_driver/src/stm32f4xx_dac.o
DAC_DualSoftwareTriggerCmd                        Drivers/stm32f4xx_stdperiph_driver/src/stm32f4xx_dac.o
DAC_GetDataOutputValue                            Drivers/stm32f4xx_stdperiph_driver/src/stm32f4xx_dac.o
DAC_GetFlagStatus                                 Drivers/stm32f4xx_stdperiph_driver/src/stm32f4xx_dac.o
DAC_GetITStatus                                   Drivers/stm32f4xx_stdperiph_driver/src/stm32f4xx_dac.o
DAC_ITConfig                                      Drivers/stm32f4xx_stdperiph_driver/src/stm32f4xx_dac.o
DAC_Init                                          Drivers/stm32f4xx_stdperiph_driver/src/stm32f4xx_dac.o
DAC_SetChannel1Data                               Drivers/stm32f4xx_stdperiph_driver/src/stm32f4xx_dac.o
DAC_SetChannel2Data                               Drivers/stm32f4xx_stdperiph_driver/src/stm32f4xx_dac.o
DAC_SetDualChannelData                            Drivers/stm32f4xx_stdperiph_driver/src/stm32f4xx_dac.o
DAC_SoftwareTriggerCmd                            Drivers/stm32f4xx_stdperiph_driver/src/stm32f4xx_dac.o
DAC_StructInit                                    Drivers/stm32f4xx_stdperiph_driver/src/stm32f4xx_dac.o
DAC_WaveGenerationCmd                             Drivers/stm32f4xx_stdperiph_driver/src/stm32f4xx_dac.o
DBGMCU_APB1PeriphConfig                           Drivers/stm32f4xx_stdperiph_driver/src/stm32f4xx_dbgmcu.o
DBGMCU_APB2PeriphConfig                           Drivers/stm32f4xx_stdperiph_driver/src/stm32f4xx_dbgmcu.o
DBGMCU_Config                                     Drivers/stm32f4xx_stdperiph_driver/src/stm32f4xx_dbgmcu.o
DBGMCU_GetDEVID                                   Drivers/stm32f4xx_stdperiph_driver/src/stm32f4xx_dbgmcu.o
DBGMCU_GetREVID                                   Drivers/stm32f4xx_stdperiph_driver/src/stm32f4xx_dbgmcu.o
DCMI_CROPCmd                                      Drivers/stm32f4xx_stdperiph_driver/src/stm32f4xx_dcmi.o
DCMI_CROPConfig                                   Drivers/stm32f4xx_stdperiph_driver/src/stm32f4xx_dcmi.o
DCMI_CaptureCmd                                   Drivers/stm32f4xx_stdperiph_driver/src/stm32f4xx_dcmi.o
DCMI_ClearFlag                                    Drivers/stm32f4xx_stdperiph_driver/src/stm32f4xx_dcmi.o
DCMI_ClearITPendingBit                            Drivers/stm32f4xx_stdperiph_driver/src/stm32f4xx_dcmi.o
DCMI_Cmd                                          Drivers/stm32f4xx_stdperiph_driver/src/stm32f4xx_dcmi.o
DCMI_DeInit                                       Drivers/stm32f4xx_stdperiph_driver/src/stm32f4xx_dcmi.o
DCMI_GetFlagStatus                                Drivers/stm32f4xx_stdperiph_driver/src/stm32f4xx_dcmi.o
DCMI_GetITStatus                                  Drivers/stm32f4xx_stdperiph_driver/src/stm32f4xx_dcmi.o
DCMI_ITConfig                                     Drivers/stm32f4xx_stdperiph_driver/src/stm32f4xx_dcmi.o
DCMI_Init                                         Drivers/stm32f4xx_stdperiph_driver/src/stm32f4xx_dcmi.o
DCMI_JPEGCmd                                      Drivers/stm32f4xx_stdperiph_driver/src/stm32f4xx_dcmi.o
DCMI_ReadData                                     Drivers/stm32f4xx_stdperiph_driver/src/stm32f4xx_dcmi.o
DCMI_SetEmbeddedSynchroCodes                      Drivers/stm32f4xx_stdperiph_driver/src/stm32f4xx_dcmi.o
DCMI_StructInit                                   Drivers/stm32f4xx_stdperiph_driver/src/stm32f4xx_dcmi.o
DFSDM1_BitStreamClk_Config                        Drivers/stm32f4xx_stdperiph_driver/src/stm32f4xx_syscfg.o
DFSDM1_FLT0_IRQHandler                            src/startup_stm32f413xx.o
DFSDM1_FLT1_IRQHandler                            src/startup_stm32f413xx.o
DFSDM2_BitStreamClk_Config                        Drivers/stm32f4xx_stdperiph_driver/src/stm32f4xx_syscfg.o
DFSDM2_FLT0_IRQHandler                            src/startup_stm32f413xx.o
DFSDM2_FLT1_IRQHandler                            src/startup_stm32f413xx.o
DFSDM2_FLT2_IRQHandler                            src/startup_stm32f413xx.o
DFSDM2_FLT3_IRQHandler                            src/startup_stm32f413xx.o
DFSDM_BitstreamClock_SourceSelection              Drivers/stm32f4xx_stdperiph_driver/src/stm32f4xx_syscfg.o
DFSDM_ChannelCmd                                  Drivers/stm32f4xx_stdperiph_driver/src/stm32f4xx_dfsdm.o
DFSDM_ClearAnalogWatchdogFlag                     Drivers/stm32f4xx_stdperiph_driver/src/stm32f4xx_dfsdm.o
DFSDM_ClearClockAbsenceFlag                       Drivers/stm32f4xx_stdperiph_driver/src/stm32f4xx_dfsdm.o
DFSDM_ClearFlag                                   Drivers/stm32f4xx_stdperiph_driver/src/stm32f4xx_dfsdm.o
DFSDM_ClearShortCircuitFlag                       Drivers/stm32f4xx_stdperiph_driver/src/stm32f4xx_dfsdm.o
DFSDM_ClockIn_SourceSelection                     Drivers/stm32f4xx_stdperiph_driver/src/stm32f4xx_syscfg.o
DFSDM_ClockOut_SourceSelection                    Drivers/stm32f4xx_stdperiph_driver/src/stm32f4xx_syscfg.o
DFSDM_Cmd                                         Drivers/stm32f4xx_stdperiph_driver/src/stm32f4xx_dfsdm.o
DFSDM_ConfigAWDFilter                             Drivers/stm32f4xx_stdperiph_driver/src/stm32f4xx_dfsdm.o
DFSDM_ConfigAnalogWatchdog                        Drivers/stm32f4xx_stdperiph_driver/src/stm32f4xx_dfsdm.o
DFSDM_ConfigBRKAnalogWatchDog                     Drivers/stm32f4xx_stdperiph_driver/src/stm32f4xx_dfsdm.o
DFSDM_ConfigBRKShortCircuitDetector               Drivers/stm32f4xx_stdperiph_driver/src/stm32f4xx_dfsdm.o
DFSDM_ConfigClkOutputDivider                      Drivers/stm32f4xx_stdperiph_driver/src/stm32f4xx_dfsdm.o
DFSDM_ConfigClkOutputSource                       Drivers/stm32f4xx_stdperiph_driver/src/stm32f4xx_dfsdm.o
DFSDM_ConfigInjectedTrigger                       Drivers/stm32f4xx_stdperiph_driver/src/stm32f4xx_dfsdm.o
DFSDM_ConfigShortCircuitThreshold                 Drivers/stm32f4xx_stdperiph_driver/src/stm32f4xx_dfsdm.o
DFSDM_DMATransferConfig                           Drivers/stm32f4xx_stdperiph_driver/src/stm32f4xx_dfsdm.o
DFSDM_DataIn0_SourceSelection                     Drivers/stm32f4xx_stdperiph_driver/src/stm32f4xx_syscfg.o
DFSDM_DataIn2_SourceSelection                     Drivers/stm32f4xx_stdperiph_driver/src/stm32f4xx_syscfg.o
DFSDM_DataIn4_SourceSelection                     Drivers/stm32f4xx_stdperiph_driver/src/stm32f4xx_syscfg.o
DFSDM_DataIn6_SourceSelection                     Drivers/stm32f4xx_stdperiph_driver/src/stm32f4xx_syscfg.o
DFSDM_DeInit                                      Drivers/stm32f4xx_stdperiph_driver/src/stm32f4xx_dfsdm.o
DFSDM_DisableDelayClock                           Drivers/stm32f4xx_stdperiph_driver/src/stm32f4xx_syscfg.o
DFSDM_EnableDelayClock                            Drivers/stm32f4xx_stdperiph_driver/src/stm32f4xx_syscfg.o
DFSDM_FastModeCmd                                 Drivers/stm32f4xx_stdperiph_driver/src/stm32f4xx_dfsdm.o
DFSDM_FilterCmd                                   Drivers/stm32f4xx_stdperiph_driver/src/stm32f4xx_dfsdm.o
DFSDM_FilterInit                                  Drivers/stm32f4xx_stdperiph_driver/src/stm32f4xx_dfsdm.o
DFSDM_FilterStructInit                            Drivers/stm32f4xx_stdperiph_driver/src/stm32f4xx_dfsdm.o
DFSDM_GetAWDConversionValue                       Drivers/stm32f4xx_stdperiph_driver/src/stm32f4xx_dfsdm.o
DFSDM_GetClockAbsenceFlagStatus                   Drivers/stm32f4xx_stdperiph_driver/src/stm32f4xx_dfsdm.o
DFSDM_GetClockAbsenceITStatus                     Drivers/stm32f4xx_stdperiph_driver/src/stm32f4xx_dfsdm.o
DFSDM_GetConversionTime                           Drivers/stm32f4xx_stdperiph_driver/src/stm32f4xx_dfsdm.o
DFSDM_GetFlagStatus                               Drivers/stm32f4xx_stdperiph_driver/src/stm32f4xx_dfsdm.o
DFSDM_GetITStatus                                 Drivers/stm32f4xx_stdperiph_driver/src/stm32f4xx_dfsdm.o
DFSDM_GetInjectedConversionData                   Drivers/stm32f4xx_stdperiph_driver/src/stm32f4xx_dfsdm.o
DFSDM_GetMaxValue                                 Drivers/stm32f4xx_stdperiph_driver/src/stm32f4xx_dfsdm.o
DFSDM_GetMaxValueChannel                          Drivers/stm32f4xx_stdperiph_driver/src/stm32f4xx_dfsdm.o
DFSDM_GetMinValue                                 Drivers/stm32f4xx_stdperiph_driver/src/stm32f4xx_dfsdm.o
DFSDM_GetMinValueChannel                          Drivers/stm32f4xx_stdperiph_driver/src/stm32f4xx_dfsdm.o
DFSDM_GetRegularConversionData                    Drivers/stm32f4xx_stdperiph_driver/src/stm32f4xx_dfsdm.o
DFSDM_GetShortCircuitFlagStatus                   Drivers/stm32f4xx_stdperiph_driver/src/stm32f4xx_dfsdm.o
DFSDM_GetShortCircuitITStatus                     Drivers/stm32f4xx_stdperiph_driver/src/stm32f4xx_dfsdm.o
DFSDM_GetWatchdogFlagStatus                       Drivers/stm32f4xx_stdperiph_driver/src/stm32f4xx_dfsdm.o
DFSDM_ITClockAbsenceCmd                           Drivers/stm32f4xx_stdperiph_driver/src/stm32f4xx_dfsdm.o
DFSDM_ITConfig                                    Drivers/stm32f4xx_stdperiph_driver/src/stm32f4xx_dfsdm.o
DFSDM_ITShortCircuitDetectorCmd                   Drivers/stm32f4xx_stdperiph_driver/src/stm32f4xx_dfsdm.o
DFSDM_RegularContinuousModeCmd                    Drivers/stm32f4xx_stdperiph_driver/src/stm32f4xx_dfsdm.o
DFSDM_SelectExtremesDetectorChannel               Drivers/stm32f4xx_stdperiph_driver/src/stm32f4xx_dfsdm.o
DFSDM_SelectInjectedChannel                       Drivers/stm32f4xx_stdperiph_driver/src/stm32f4xx_dfsdm.o
DFSDM_SelectInjectedConversionMode                Drivers/stm32f4xx_stdperiph_driver/src/stm32f4xx_dfsdm.o
DFSDM_SelectRegularChannel                        Drivers/stm32f4xx_stdperiph_driver/src/stm32f4xx_dfsdm.o
DFSDM_SetAWDThreshold                             Drivers/stm32f4xx_stdperiph_driver/src/stm32f4xx_dfsdm.o
DFSDM_StartSoftwareInjectedConversion             Drivers/stm32f4xx_stdperiph_driver/src/stm32f4xx_dfsdm.o
DFSDM_StartSoftwareRegularConversion              Drivers/stm32f4xx_stdperiph_driver/src/stm32f4xx_dfsdm.o
DFSDM_SynchronousFilter0InjectedStart             Drivers/stm32f4xx_stdperiph_driver/src/stm32f4xx_dfsdm.o
DFSDM_SynchronousFilter0RegularStart              Drivers/stm32f4xx_stdperiph_driver/src/stm32f4xx_dfsdm.o
DFSDM_TransceiverInit                             Drivers/stm32f4xx_stdperiph_driver/src/stm32f4xx_dfsdm.o
DFSDM_TransceiverStructInit                       Drivers/stm32f4xx_stdperiph_driver/src/stm32f4xx_dfsdm.o
DMA1_Stream0_IRQHandler                           src/startup_stm32f413xx.o
DMA1_Stream1_IRQHandler                           src/startup_stm32f413xx.o
DMA1_Stream2_IRQHandler                           src/startup_stm32f413xx.o
DMA1_Stream3_IRQHandler                           src/startup_stm32f413xx.o
DMA1_Stream4_IRQHandler                           src/startup_stm32f413xx.o
DMA1_Stream5_IRQHandler                           src/startup_stm32f413xx.o
DMA1_Stream6_IRQHandler                           src/startup_stm32f413xx.o
DMA1_Stream7_IRQHandler                           src/startup_stm32f413xx.o
DMA2D_AbortTransfer                               Drivers/stm32f4xx_stdperiph_driver/src/stm32f4xx_dma2d.o
DMA2D_BGConfig                                    Drivers/stm32f4xx_stdperiph_driver/src/stm32f4xx_dma2d.o
DMA2D_BGStart                                     Drivers/stm32f4xx_stdperiph_driver/src/stm32f4xx_dma2d.o
DMA2D_BG_StructInit                               Drivers/stm32f4xx_stdperiph_driver/src/stm32f4xx_dma2d.o
DMA2D_ClearFlag                                   Drivers/stm32f4xx_stdperiph_driver/src/stm32f4xx_dma2d.o
DMA2D_ClearITPendingBit                           Drivers/stm32f4xx_stdperiph_driver/src/stm32f4xx_dma2d.o
DMA2D_DeInit                                      Drivers/stm32f4xx_stdperiph_driver/src/stm32f4xx_dma2d.o
DMA2D_DeadTimeConfig                              Drivers/stm32f4xx_stdperiph_driver/src/stm32f4xx_dma2d.o
DMA2D_FGConfig                                    Drivers/stm32f4xx_stdperiph_driver/src/stm32f4xx_dma2d.o
DMA2D_FGStart                                     Drivers/stm32f4xx_stdperiph_driver/src/stm32f4xx_dma2d.o
DMA2D_FG_StructInit                               Drivers/stm32f4xx_stdperiph_driver/src/stm32f4xx_dma2d.o
DMA2D_GetFlagStatus                               Drivers/stm32f4xx_stdperiph_driver/src/stm32f4xx_dma2d.o
DMA2D_GetITStatus                                 Drivers/stm32f4xx_stdperiph_driver/src/stm32f4xx_dma2d.o
DMA2D_ITConfig                                    Drivers/stm32f4xx_stdperiph_driver/src/stm32f4xx_dma2d.o
DMA2D_Init                                        Drivers/stm32f4xx_stdperiph_driver/src/stm32f4xx_dma2d.o
DMA2D_LineWatermarkConfig                         Drivers/stm32f4xx_stdperiph_driver/src/stm32f4xx_dma2d.o
DMA2D_StartTransfer                               Drivers/stm32f4xx_stdperiph_driver/src/stm32f4xx_dma2d.o
DMA2D_StructInit                                  Drivers/stm32f4xx_stdperiph_driver/src/stm32f4xx_dma2d.o
DMA2D_Suspend                                     Drivers/stm32f4xx_stdperiph_driver/src/stm32f4xx_dma2d.o
DMA2_Stream0_IRQHandler                           src/startup_stm32f413xx.o
DMA2_Stream1_IRQHandler                           src/startup_stm32f413xx.o
DMA2_Stream2_IRQHandler                           src/startup_stm32f413xx.o
DMA2_Stream3_IRQHandler                           src/startup_stm32f413xx.o
DMA2_Stream4_IRQHandler                           src/startup_stm32f413xx.o
DMA2_Stream5_IRQHandler                           src/startup_stm32f413xx.o
DMA2_Stream6_IRQHandler                           src/startup_stm32f413xx.o
DMA2_Stream7_IRQHandler                           src/startup_stm32f413xx.o
DMA_ClearFlag                                     Drivers/stm32f4xx_stdperiph_driver/src/stm32f4xx_dma.o
DMA_ClearITPendingBit                             Drivers/stm32f4xx_stdperiph_driver/src/stm32f4xx_dma.o
DMA_Cmd                                           Drivers/stm32f4xx_stdperiph_driver/src/stm32f4xx_dma.o
DMA_DeInit                                        Drivers/stm32f4xx_stdperiph_driver/src/stm32f4xx_dma.o
DMA_DoubleBufferModeCmd                           Drivers/stm32f4xx_stdperiph_driver/src/stm32f4xx_dma.o
DMA_DoubleBufferModeConfig                        Drivers/stm32f4xx_stdperiph_driver/src/stm32f4xx_dma.o
DMA_FlowControllerConfig                          Drivers/stm32f4xx_stdperiph_driver/src/stm32f4xx_dma.o
DMA_GetCmdStatus                                  Drivers/stm32f4xx_stdperiph_driver/src/stm32f4xx_dma.o
DMA_GetCurrDataCounter                            Drivers/stm32f4xx_stdperiph_driver/src/stm32f4xx_dma.o
DMA_GetCurrentMemoryTarget                        Drivers/stm32f4xx_stdperiph_driver/src/stm32f4xx_dma.o
DMA_GetFIFOStatus                                 Drivers/stm32f4xx_stdperiph_driver/src/stm32f4xx_dma.o
DMA_GetFlagStatus                                 Drivers/stm32f4xx_stdperiph_driver/src/stm32f4xx_dma.o
DMA_GetITStatus                                   Drivers/stm32f4xx_stdperiph_driver/src/stm32f4xx_dma.o
DMA_ITConfig                                      Drivers/stm32f4xx_stdperiph_driver/src/stm32f4xx_dma.o
DMA_Init                                          Drivers/stm32f4xx_stdperiph_driver/src/stm32f4xx_dma.o
DMA_MemoryTargetConfig                            Drivers/stm32f4xx_stdperiph_driver/src/stm32f4xx_dma.o
DMA_PeriphIncOffsetSizeConfig                     Drivers/stm32f4xx_stdperiph_driver/src/stm32f4xx_dma.o
DMA_SetCurrDataCounter                            Drivers/stm32f4xx_stdperiph_driver/src/stm32f4xx_dma.o
DMA_StructInit                                    Drivers/stm32f4xx_stdperiph_driver/src/stm32f4xx_dma.o
DebugMon_Handler                                  src/startup_stm32f413xx.o
Default_Handler                                   src/startup_stm32f413xx.o
EXTI0_IRQHandler                                  src/startup_stm32f413xx.o
EXTI15_10_IRQHandler                              src/startup_stm32f413xx.o
EXTI1_IRQHandler                                  src/startup_stm32f413xx.o
EXTI2_IRQHandler                                  src/startup_stm32f413xx.o
EXTI3_IRQHandler                                  src/startup_stm32f413xx.o
EXTI4_IRQHandler                                  src/startup_stm32f413xx.o
EXTI9_5_IRQHandler                                src/startup_stm32f413xx.o
EXTI_ClearFlag                                    Drivers/stm32f4xx_stdperiph_driver/src/stm32f4xx_exti.o
EXTI_ClearITPendingBit                            Drivers/stm32f4xx_stdperiph_driver/src/stm32f4xx_exti.o
EXTI_DeInit                                       Drivers/stm32f4xx_stdperiph_driver/src/stm32f4xx_exti.o
EXTI_GenerateSWInterrupt                          Drivers/stm32f4xx_stdperiph_driver/src/stm32f4xx_exti.o
EXTI_GetFlagStatus                                Drivers/stm32f4xx_stdperiph_driver/src/stm32f4xx_exti.o
EXTI_GetITStatus                                  Drivers/stm32f4xx_stdperiph_driver/src/stm32f4xx_exti.o
EXTI_Init                                         Drivers/stm32f4xx_stdperiph_driver/src/stm32f4xx_exti.o
EXTI_StructInit                                   Drivers/stm32f4xx_stdperiph_driver/src/stm32f4xx_exti.o
FLASH_ClearFlag                                   Drivers/stm32f4xx_stdperiph_driver/src/stm32f4xx_flash.o
FLASH_DataCacheCmd                                Drivers/stm32f4xx_stdperiph_driver/src/stm32f4xx_flash.o
FLASH_DataCacheReset                              Drivers/stm32f4xx_stdperiph_driver/src/stm32f4xx_flash.o
FLASH_EraseAllBank1Sectors                        Drivers/stm32f4xx_stdperiph_driver/src/stm32f4xx_flash.o
FLASH_EraseAllBank2Sectors                        Drivers/stm32f4xx_stdperiph_driver/src/stm32f4xx_flash.o
FLASH_EraseAllSectors                             Drivers/stm32f4xx_stdperiph_driver/src/stm32f4xx_flash.o
FLASH_EraseSector                                 Drivers/stm32f4xx_stdperiph_driver/src/stm32f4xx_flash.o
FLASH_FlashInterfaceCmd                           Drivers/stm32f4xx_stdperiph_driver/src/stm32f4xx_flash_ramfunc.o
FLASH_FlashSleepModeCmd                           Drivers/stm32f4xx_stdperiph_driver/src/stm32f4xx_flash_ramfunc.o
FLASH_GetFlagStatus                               Drivers/stm32f4xx_stdperiph_driver/src/stm32f4xx_flash.o
FLASH_GetStatus                                   Drivers/stm32f4xx_stdperiph_driver/src/stm32f4xx_flash.o
FLASH_IRQHandler                                  src/startup_stm32f413xx.o
FLASH_ITConfig                                    Drivers/stm32f4xx_stdperiph_driver/src/stm32f4xx_flash.o
FLASH_InstructionCacheCmd                         Drivers/stm32f4xx_stdperiph_driver/src/stm32f4xx_flash.o
FLASH_InstructionCacheReset                       Drivers/stm32f4xx_stdperiph_driver/src/stm32f4xx_flash.o
FLASH_Lock                                        Drivers/stm32f4xx_stdperiph_driver/src/stm32f4xx_flash.o
FLASH_OB_BORConfig                                Drivers/stm32f4xx_stdperiph_driver/src/stm32f4xx_flash.o
FLASH_OB_BootConfig                               Drivers/stm32f4xx_stdperiph_driver/src/stm32f4xx_flash.o
FLASH_OB_GetBOR                                   Drivers/stm32f4xx_stdperiph_driver/src/stm32f4xx_flash.o
FLASH_OB_GetPCROP                                 Drivers/stm32f4xx_stdperiph_driver/src/stm32f4xx_flash.o
FLASH_OB_GetPCROP1                                Drivers/stm32f4xx_stdperiph_driver/src/stm32f4xx_flash.o
FLASH_OB_GetRDP                                   Drivers/stm32f4xx_stdperiph_driver/src/stm32f4xx_flash.o
FLASH_OB_GetUser                                  Drivers/stm32f4xx_stdperiph_driver/src/stm32f4xx_flash.o
FLASH_OB_GetWRP                                   Drivers/stm32f4xx_stdperiph_driver/src/stm32f4xx_flash.o
FLASH_OB_GetWRP1                                  Drivers/stm32f4xx_stdperiph_driver/src/stm32f4xx_flash.o
FLASH_OB_Launch                                   Drivers/stm32f4xx_stdperiph_driver/src/stm32f4xx_flash.o
FLASH_OB_Lock                                     Drivers/stm32f4xx_stdperiph_driver/src/stm32f4xx_flash.o
FLASH_OB_PCROP1Config                             Drivers/stm32f4xx_stdperiph_driver/src/stm32f4xx_flash.o
FLASH_OB_PCROPConfig                              Drivers/stm32f4xx_stdperiph_driver/src/stm32f4xx_flash.o
FLASH_OB_PCROPSelectionConfig                     Drivers/stm32f4xx_stdperiph_driver/src/stm32f4xx_flash.o
FLASH_OB_RDPConfig                                Drivers/stm32f4xx_stdperiph_driver/src/stm32f4xx_flash.o
FLASH_OB_Unlock                                   Drivers/stm32f4xx_stdperiph_driver/src/stm32f4xx_flash.o
FLASH_OB_UserConfig                               Drivers/stm32f4xx_stdperiph_driver/src/stm32f4xx_flash.o
FLASH_OB_WRP1Config                               Drivers/stm32f4xx_stdperiph_driver/src/stm32f4xx_flash.o
FLASH_OB_WRPConfig                                Drivers/stm32f4xx_stdperiph_driver/src/stm32f4xx_flash.o
FLASH_PrefetchBufferCmd                           Drivers/stm32f4xx_stdperiph_driver/src/stm32f4xx_flash.o
FLASH_ProgramByte                                 Drivers/stm32f4xx_stdperiph_driver/src/stm32f4xx_flash.o
FLASH_ProgramDoubleWord                           Drivers/stm32f4xx_stdperiph_driver/src/stm32f4xx_flash.o
FLASH_ProgramHalfWord                             Drivers/stm32f4xx_stdperiph_driver/src/stm32f4xx_flash.o
FLASH_ProgramWord                                 Drivers/stm32f4xx_stdperiph_driver/src/stm32f4xx_flash.o
FLASH_SetLatency                                  Drivers/stm32f4xx_stdperiph_driver/src/stm32f4xx_flash.o
FLASH_Unlock                                      Drivers/stm32f4xx_stdperiph_driver/src/stm32f4xx_flash.o
FLASH_WaitForLastOperation                        Drivers/stm32f4xx_stdperiph_driver/src/stm32f4xx_flash.o
FMPI2C1_ER_IRQHandler                             src/startup_stm32f413xx.o
FMPI2C1_EV_IRQHandler                             src/startup_stm32f413xx.o
FMPI2C_10BitAddressHeaderCmd                      Drivers/stm32f4xx_stdperiph_driver/src/stm32f4xx_fmpi2c.o
FMPI2C_10BitAddressingModeCmd                     Drivers/stm32f4xx_stdperiph_driver/src/stm32f4xx_fmpi2c.o
FMPI2C_AcknowledgeConfig                          Drivers/stm32f4xx_stdperiph_driver/src/stm32f4xx_fmpi2c.o
FMPI2C_AutoEndCmd                                 Drivers/stm32f4xx_stdperiph_driver/src/stm32f4xx_fmpi2c.o
FMPI2C_CalculatePEC                               Drivers/stm32f4xx_stdperiph_driver/src/stm32f4xx_fmpi2c.o
FMPI2C_ClearFlag                                  Drivers/stm32f4xx_stdperiph_driver/src/stm32f4xx_fmpi2c.o
FMPI2C_ClearITPendingBit                          Drivers/stm32f4xx_stdperiph_driver/src/stm32f4xx_fmpi2c.o
FMPI2C_ClockTimeoutCmd                            Drivers/stm32f4xx_stdperiph_driver/src/stm32f4xx_fmpi2c.o
FMPI2C_Cmd                                        Drivers/stm32f4xx_stdperiph_driver/src/stm32f4xx_fmpi2c.o
FMPI2C_DMACmd                                     Drivers/stm32f4xx_stdperiph_driver/src/stm32f4xx_fmpi2c.o
FMPI2C_DeInit                                     Drivers/stm32f4xx_stdperiph_driver/src/stm32f4xx_fmpi2c.o
FMPI2C_DualAddressCmd                             Drivers/stm32f4xx_stdperiph_driver/src/stm32f4xx_fmpi2c.o
FMPI2C_ExtendedClockTimeoutCmd                    Drivers/stm32f4xx_stdperiph_driver/src/stm32f4xx_fmpi2c.o
FMPI2C_GeneralCallCmd                             Drivers/stm32f4xx_stdperiph_driver/src/stm32f4xx_fmpi2c.o
FMPI2C_GenerateSTART                              Drivers/stm32f4xx_stdperiph_driver/src/stm32f4xx_fmpi2c.o
FMPI2C_GenerateSTOP                               Drivers/stm32f4xx_stdperiph_driver/src/stm32f4xx_fmpi2c.o
FMPI2C_GetAddressMatched                          Drivers/stm32f4xx_stdperiph_driver/src/stm32f4xx_fmpi2c.o
FMPI2C_GetFlagStatus                              Drivers/stm32f4xx_stdperiph_driver/src/stm32f4xx_fmpi2c.o
FMPI2C_GetITStatus                                Drivers/stm32f4xx_stdperiph_driver/src/stm32f4xx_fmpi2c.o
FMPI2C_GetPEC                                     Drivers/stm32f4xx_stdperiph_driver/src/stm32f4xx_fmpi2c.o
FMPI2C_GetTransferDirection                       Drivers/stm32f4xx_stdperiph_driver/src/stm32f4xx_fmpi2c.o
FMPI2C_ITConfig                                   Drivers/stm32f4xx_stdperiph_driver/src/stm32f4xx_fmpi2c.o
FMPI2C_IdleClockTimeoutCmd                        Drivers/stm32f4xx_stdperiph_driver/src/stm32f4xx_fmpi2c.o
FMPI2C_Init                                       Drivers/stm32f4xx_stdperiph_driver/src/stm32f4xx_fmpi2c.o
FMPI2C_MasterRequestConfig                        Drivers/stm32f4xx_stdperiph_driver/src/stm32f4xx_fmpi2c.o
FMPI2C_NumberOfBytesConfig                        Drivers/stm32f4xx_stdperiph_driver/src/stm32f4xx_fmpi2c.o
FMPI2C_OwnAddress2Config                          Drivers/stm32f4xx_stdperiph_driver/src/stm32f4xx_fmpi2c.o
FMPI2C_PECRequestCmd                              Drivers/stm32f4xx_stdperiph_driver/src/stm32f4xx_fmpi2c.o
FMPI2C_ReadRegister                               Drivers/stm32f4xx_stdperiph_driver/src/stm32f4xx_fmpi2c.o
FMPI2C_ReceiveData                                Drivers/stm32f4xx_stdperiph_driver/src/stm32f4xx_fmpi2c.o
FMPI2C_ReloadCmd                                  Drivers/stm32f4xx_stdperiph_driver/src/stm32f4xx_fmpi2c.o
FMPI2C_SMBusAlertCmd                              Drivers/stm32f4xx_stdperiph_driver/src/stm32f4xx_fmpi2c.o
FMPI2C_SendData                                   Drivers/stm32f4xx_stdperiph_driver/src/stm32f4xx_fmpi2c.o
FMPI2C_SlaveAddressConfig                         Drivers/stm32f4xx_stdperiph_driver/src/stm32f4xx_fmpi2c.o
FMPI2C_SlaveByteControlCmd                        Drivers/stm32f4xx_stdperiph_driver/src/stm32f4xx_fmpi2c.o
FMPI2C_SoftwareResetCmd                           Drivers/stm32f4xx_stdperiph_driver/src/stm32f4xx_fmpi2c.o
FMPI2C_StretchClockCmd                            Drivers/stm32f4xx_stdperiph_driver/src/stm32f4xx_fmpi2c.o
FMPI2C_StructInit                                 Drivers/stm32f4xx_stdperiph_driver/src/stm32f4xx_fmpi2c.o
FMPI2C_TimeoutAConfig                             Drivers/stm32f4xx_stdperiph_driver/src/stm32f4xx_fmpi2c.o
FMPI2C_TimeoutBConfig                             Drivers/stm32f4xx_stdperiph_driver/src/stm32f4xx_fmpi2c.o
FMPI2C_TransferHandling                           Drivers/stm32f4xx_stdperiph_driver/src/stm32f4xx_fmpi2c.o
FPU_IRQHandler                                    src/startup_stm32f413xx.o
FSMC_ClearFlag                                    Drivers/stm32f4xx_stdperiph_driver/src/stm32f4xx_fsmc.o
FSMC_ClearITPendingBit                            Drivers/stm32f4xx_stdperiph_driver/src/stm32f4xx_fsmc.o
FSMC_DefaultTimingStruct                          Drivers/stm32f4xx_stdperiph_driver/src/stm32f4xx_fsmc.o
FSMC_GetECC                                       Drivers/stm32f4xx_stdperiph_driver/src/stm32f4xx_fsmc.o
FSMC_GetFlagStatus                                Drivers/stm32f4xx_stdperiph_driver/src/stm32f4xx_fsmc.o
FSMC_GetITStatus                                  Drivers/stm32f4xx_stdperiph_driver/src/stm32f4xx_fsmc.o
FSMC_IRQHandler                                   src/startup_stm32f413xx.o
FSMC_ITConfig                                     Drivers/stm32f4xx_stdperiph_driver/src/stm32f4xx_fsmc.o
FSMC_NANDCmd                                      Drivers/stm32f4xx_stdperiph_driver/src/stm32f4xx_fsmc.o
FSMC_NANDDeInit                                   Drivers/stm32f4xx_stdperiph_driver/src/stm32f4xx_fsmc.o
FSMC_NANDECCCmd                                   Drivers/stm32f4xx_stdperiph_driver/src/stm32f4xx_fsmc.o
FSMC_NANDInit                                     Drivers/stm32f4xx_stdperiph_driver/src/stm32f4xx_fsmc.o
FSMC_NANDStructInit                               Drivers/stm32f4xx_stdperiph_driver/src/stm32f4xx_fsmc.o
FSMC_NORSRAMCmd                                   Drivers/stm32f4xx_stdperiph_driver/src/stm32f4xx_fsmc.o
FSMC_NORSRAMDeInit                                Drivers/stm32f4xx_stdperiph_driver/src/stm32f4xx_fsmc.o
FSMC_NORSRAMInit                                  Drivers/stm32f4xx_stdperiph_driver/src/stm32f4xx_fsmc.o
FSMC_NORSRAMStructInit                            Drivers/stm32f4xx_stdperiph_driver/src/stm32f4xx_fsmc.o
FSMC_PCCARDCmd                                    Drivers/stm32f4xx_stdperiph_driver/src/stm32f4xx_fsmc.o
FSMC_PCCARDDeInit                                 Drivers/stm32f4xx_stdperiph_driver/src/stm32f4xx_fsmc.o
FSMC_PCCARDInit                                   Drivers/stm32f4xx_stdperiph_driver/src/stm32f4xx_fsmc.o
FSMC_PCCARDStructInit                             Drivers/stm32f4xx_stdperiph_driver/src/stm32f4xx_fsmc.o
GPIO_DeInit                                       Drivers/stm32f4xx_stdperiph_driver/src/stm32f4xx_gpio.o
GPIO_Init                                         Drivers/stm32f4xx_stdperiph_driver/src/stm32f4xx_gpio.o
                                                  src/main.o
GPIO_InitStructure                                src/main.o
GPIO_PinAFConfig                                  Drivers/stm32f4xx_stdperiph_driver/src/stm32f4xx_gpio.o
GPIO_PinLockConfig                                Drivers/stm32f4xx_stdperiph_driver/src/stm32f4xx_gpio.o
GPIO_ReadInputData                                Drivers/stm32f4xx_stdperiph_driver/src/stm32f4xx_gpio.o
GPIO_ReadInputDataBit                             Drivers/stm32f4xx_stdperiph_driver/src/stm32f4xx_gpio.o
GPIO_ReadOutputData                               Drivers/stm32f4xx_stdperiph_driver/src/stm32f4xx_gpio.o
GPIO_ReadOutputDataBit                            Drivers/stm32f4xx_stdperiph_driver/src/stm32f4xx_gpio.o
GPIO_ResetBits                                    Drivers/stm32f4xx_stdperiph_driver/src/stm32f4xx_gpio.o
GPIO_SetBits                                      Drivers/stm32f4xx_stdperiph_driver/src/stm32f4xx_gpio.o
GPIO_StructInit                                   Drivers/stm32f4xx_stdperiph_driver/src/stm32f4xx_gpio.o
GPIO_ToggleBits                                   Drivers/stm32f4xx_stdperiph_driver/src/stm32f4xx_gpio.o
GPIO_Write                                        Drivers/stm32f4xx_stdperiph_driver/src/stm32f4xx_gpio.o
GPIO_WriteBit                                     Drivers/stm32f4xx_stdperiph_driver/src/stm32f4xx_gpio.o
HASH_AutoStartDigest                              Drivers/stm32f4xx_stdperiph_driver/src/stm32f4xx_hash.o
HASH_ClearFlag                                    Drivers/stm32f4xx_stdperiph_driver/src/stm32f4xx_hash.o
HASH_ClearITPendingBit                            Drivers/stm32f4xx_stdperiph_driver/src/stm32f4xx_hash.o
HASH_DMACmd                                       Drivers/stm32f4xx_stdperiph_driver/src/stm32f4xx_hash.o
HASH_DataIn                                       Drivers/stm32f4xx_stdperiph_driver/src/stm32f4xx_hash.o
                                                  Drivers/stm32f4xx_stdperiph_driver/src/stm32f4xx_hash_sha1.o
                                                  Drivers/stm32f4xx_stdperiph_driver/src/stm32f4xx_hash_md5.o
HASH_DeInit                                       Drivers/stm32f4xx_stdperiph_driver/src/stm32f4xx_hash.o
                                                  Drivers/stm32f4xx_stdperiph_driver/src/stm32f4xx_hash_sha1.o
                                                  Drivers/stm32f4xx_stdperiph_driver/src/stm32f4xx_hash_md5.o
HASH_GetDigest                                    Drivers/stm32f4xx_stdperiph_driver/src/stm32f4xx_hash.o
                                                  Drivers/stm32f4xx_stdperiph_driver/src/stm32f4xx_hash_sha1.o
                                                  Drivers/stm32f4xx_stdperiph_driver/src/stm32f4xx_hash_md5.o
HASH_GetFlagStatus                                Drivers/stm32f4xx_stdperiph_driver/src/stm32f4xx_hash.o
                                                  Drivers/stm32f4xx_stdperiph_driver/src/stm32f4xx_hash_sha1.o
                                                  Drivers/stm32f4xx_stdperiph_driver/src/stm32f4xx_hash_md5.o
HASH_GetITStatus                                  Drivers/stm32f4xx_stdperiph_driver/src/stm32f4xx_hash.o
HASH_GetInFIFOWordsNbr                            Drivers/stm32f4xx_stdperiph_driver/src/stm32f4xx_hash.o
HASH_ITConfig                                     Drivers/stm32f4xx_stdperiph_driver/src/stm32f4xx_hash.o
HASH_Init                                         Drivers/stm32f4xx_stdperiph_driver/src/stm32f4xx_hash.o
                                                  Drivers/stm32f4xx_stdperiph_driver/src/stm32f4xx_hash_sha1.o
                                                  Drivers/stm32f4xx_stdperiph_driver/src/stm32f4xx_hash_md5.o
HASH_MD5                                          Drivers/stm32f4xx_stdperiph_driver/src/stm32f4xx_hash_md5.o
HASH_Reset                                        Drivers/stm32f4xx_stdperiph_driver/src/stm32f4xx_hash.o
HASH_RestoreContext                               Drivers/stm32f4xx_stdperiph_driver/src/stm32f4xx_hash.o
HASH_SHA1                                         Drivers/stm32f4xx_stdperiph_driver/src/stm32f4xx_hash_sha1.o
HASH_SaveContext                                  Drivers/stm32f4xx_stdperiph_driver/src/stm32f4xx_hash.o
HASH_SetLastWordValidBitsNbr                      Drivers/stm32f4xx_stdperiph_driver/src/stm32f4xx_hash.o
                                                  Drivers/stm32f4xx_stdperiph_driver/src/stm32f4xx_hash_sha1.o
                                                  Drivers/stm32f4xx_stdperiph_driver/src/stm32f4xx_hash_md5.o
HASH_StartDigest                                  Drivers/stm32f4xx_stdperiph_driver/src/stm32f4xx_hash.o
                                                  Drivers/stm32f4xx_stdperiph_driver/src/stm32f4xx_hash_sha1.o
                                                  Drivers/stm32f4xx_stdperiph_driver/src/stm32f4xx_hash_md5.o
HASH_StructInit                                   Drivers/stm32f4xx_stdperiph_driver/src/stm32f4xx_hash.o
HMAC_MD5                                          Drivers/stm32f4xx_stdperiph_driver/src/stm32f4xx_hash_md5.o
HMAC_SHA1                                         Drivers/stm32f4xx_stdperiph_driver/src/stm32f4xx_hash_sha1.o
HardFault_Handler                                 src/startup_stm32f413xx.o
I2C1_ER_IRQHandler                                src/startup_stm32f413xx.o
I2C1_EV_IRQHandler                                src/startup_stm32f413xx.o
I2C2_ER_IRQHandler                                src/startup_stm32f413xx.o
I2C2_EV_IRQHandler                                src/startup_stm32f413xx.o
I2C3_ER_IRQHandler                                src/startup_stm32f413xx.o
I2C3_EV_IRQHandler                                src/startup_stm32f413xx.o
I2C_ARPCmd                                        Drivers/stm32f4xx_stdperiph_driver/src/stm32f4xx_i2c.o
I2C_AcknowledgeConfig                             Drivers/stm32f4xx_stdperiph_driver/src/stm32f4xx_i2c.o
I2C_AnalogFilterCmd                               Drivers/stm32f4xx_stdperiph_driver/src/stm32f4xx_i2c.o
I2C_CalculatePEC                                  Drivers/stm32f4xx_stdperiph_driver/src/stm32f4xx_i2c.o
I2C_CheckEvent                                    Drivers/stm32f4xx_stdperiph_driver/src/stm32f4xx_i2c.o
I2C_ClearFlag                                     Drivers/stm32f4xx_stdperiph_driver/src/stm32f4xx_i2c.o
I2C_ClearITPendingBit                             Drivers/stm32f4xx_stdperiph_driver/src/stm32f4xx_i2c.o
I2C_Cmd                                           Drivers/stm32f4xx_stdperiph_driver/src/stm32f4xx_i2c.o
I2C_DMACmd                                        Drivers/stm32f4xx_stdperiph_driver/src/stm32f4xx_i2c.o
I2C_DMALastTransferCmd                            Drivers/stm32f4xx_stdperiph_driver/src/stm32f4xx_i2c.o
I2C_DeInit                                        Drivers/stm32f4xx_stdperiph_driver/src/stm32f4xx_i2c.o
I2C_DigitalFilterConfig                           Drivers/stm32f4xx_stdperiph_driver/src/stm32f4xx_i2c.o
I2C_DualAddressCmd                                Drivers/stm32f4xx_stdperiph_driver/src/stm32f4xx_i2c.o
I2C_FastModeDutyCycleConfig                       Drivers/stm32f4xx_stdperiph_driver/src/stm32f4xx_i2c.o
I2C_GeneralCallCmd                                Drivers/stm32f4xx_stdperiph_driver/src/stm32f4xx_i2c.o
I2C_GenerateSTART                                 Drivers/stm32f4xx_stdperiph_driver/src/stm32f4xx_i2c.o
I2C_GenerateSTOP                                  Drivers/stm32f4xx_stdperiph_driver/src/stm32f4xx_i2c.o
I2C_GetFlagStatus                                 Drivers/stm32f4xx_stdperiph_driver/src/stm32f4xx_i2c.o
I2C_GetITStatus                                   Drivers/stm32f4xx_stdperiph_driver/src/stm32f4xx_i2c.o
I2C_GetLastEvent                                  Drivers/stm32f4xx_stdperiph_driver/src/stm32f4xx_i2c.o
I2C_GetPEC                                        Drivers/stm32f4xx_stdperiph_driver/src/stm32f4xx_i2c.o
I2C_ITConfig                                      Drivers/stm32f4xx_stdperiph_driver/src/stm32f4xx_i2c.o
I2C_Init                                          Drivers/stm32f4xx_stdperiph_driver/src/stm32f4xx_i2c.o
I2C_NACKPositionConfig                            Drivers/stm32f4xx_stdperiph_driver/src/stm32f4xx_i2c.o
I2C_OwnAddress2Config                             Drivers/stm32f4xx_stdperiph_driver/src/stm32f4xx_i2c.o
I2C_PECPositionConfig                             Drivers/stm32f4xx_stdperiph_driver/src/stm32f4xx_i2c.o
I2C_ReadRegister                                  Drivers/stm32f4xx_stdperiph_driver/src/stm32f4xx_i2c.o
I2C_ReceiveData                                   Drivers/stm32f4xx_stdperiph_driver/src/stm32f4xx_i2c.o
I2C_SMBusAlertConfig                              Drivers/stm32f4xx_stdperiph_driver/src/stm32f4xx_i2c.o
I2C_Send7bitAddress                               Drivers/stm32f4xx_stdperiph_driver/src/stm32f4xx_i2c.o
I2C_SendData                                      Drivers/stm32f4xx_stdperiph_driver/src/stm32f4xx_i2c.o
I2C_SoftwareResetCmd                              Drivers/stm32f4xx_stdperiph_driver/src/stm32f4xx_i2c.o
I2C_StretchClockCmd                               Drivers/stm32f4xx_stdperiph_driver/src/stm32f4xx_i2c.o
I2C_StructInit                                    Drivers/stm32f4xx_stdperiph_driver/src/stm32f4xx_i2c.o
I2C_TransmitPEC                                   Drivers/stm32f4xx_stdperiph_driver/src/stm32f4xx_i2c.o
I2S_Cmd                                           Drivers/stm32f4xx_stdperiph_driver/src/stm32f4xx_spi.o
I2S_FullDuplexConfig                              Drivers/stm32f4xx_stdperiph_driver/src/stm32f4xx_spi.o
I2S_Init                                          Drivers/stm32f4xx_stdperiph_driver/src/stm32f4xx_spi.o
I2S_StructInit                                    Drivers/stm32f4xx_stdperiph_driver/src/stm32f4xx_spi.o
IWDG_Enable                                       Drivers/stm32f4xx_stdperiph_driver/src/stm32f4xx_iwdg.o
IWDG_GetFlagStatus                                Drivers/stm32f4xx_stdperiph_driver/src/stm32f4xx_iwdg.o
IWDG_ReloadCounter                                Drivers/stm32f4xx_stdperiph_driver/src/stm32f4xx_iwdg.o
IWDG_SetPrescaler                                 Drivers/stm32f4xx_stdperiph_driver/src/stm32f4xx_iwdg.o
IWDG_SetReload                                    Drivers/stm32f4xx_stdperiph_driver/src/stm32f4xx_iwdg.o
IWDG_WriteAccessCmd                               Drivers/stm32f4xx_stdperiph_driver/src/stm32f4xx_iwdg.o
LPTIM1_IRQHandler                                 src/startup_stm32f413xx.o
LPTIM_ClearFlag                                   Drivers/stm32f4xx_stdperiph_driver/src/stm32f4xx_lptim.o
LPTIM_Cmd                                         Drivers/stm32f4xx_stdperiph_driver/src/stm32f4xx_lptim.o
LPTIM_ConfigClockGlitchFilter                     Drivers/stm32f4xx_stdperiph_driver/src/stm32f4xx_lptim.o
LPTIM_ConfigExternalTrigger                       Drivers/stm32f4xx_stdperiph_driver/src/stm32f4xx_lptim.o
LPTIM_ConfigPrescaler                             Drivers/stm32f4xx_stdperiph_driver/src/stm32f4xx_lptim.o
LPTIM_ConfigTriggerGlitchFilter                   Drivers/stm32f4xx_stdperiph_driver/src/stm32f4xx_lptim.o
LPTIM_ConfigUpdate                                Drivers/stm32f4xx_stdperiph_driver/src/stm32f4xx_lptim.o
LPTIM_ConfigWaveform                              Drivers/stm32f4xx_stdperiph_driver/src/stm32f4xx_lptim.o
LPTIM_DeInit                                      Drivers/stm32f4xx_stdperiph_driver/src/stm32f4xx_lptim.o
LPTIM_GetAutoreloadValue                          Drivers/stm32f4xx_stdperiph_driver/src/stm32f4xx_lptim.o
LPTIM_GetCompareValue                             Drivers/stm32f4xx_stdperiph_driver/src/stm32f4xx_lptim.o
LPTIM_GetCounterValue                             Drivers/stm32f4xx_stdperiph_driver/src/stm32f4xx_lptim.o
LPTIM_GetFlagStatus                               Drivers/stm32f4xx_stdperiph_driver/src/stm32f4xx_lptim.o
LPTIM_GetITStatus                                 Drivers/stm32f4xx_stdperiph_driver/src/stm32f4xx_lptim.o
LPTIM_ITConfig                                    Drivers/stm32f4xx_stdperiph_driver/src/stm32f4xx_lptim.o
LPTIM_Init                                        Drivers/stm32f4xx_stdperiph_driver/src/stm32f4xx_lptim.o
LPTIM_RemapConfig                                 Drivers/stm32f4xx_stdperiph_driver/src/stm32f4xx_lptim.o
LPTIM_SelectClockSource                           Drivers/stm32f4xx_stdperiph_driver/src/stm32f4xx_lptim.o
LPTIM_SelectCounterMode                           Drivers/stm32f4xx_stdperiph_driver/src/stm32f4xx_lptim.o
LPTIM_SelectEncoderMode                           Drivers/stm32f4xx_stdperiph_driver/src/stm32f4xx_lptim.o
LPTIM_SelectOperatingMode                         Drivers/stm32f4xx_stdperiph_driver/src/stm32f4xx_lptim.o
LPTIM_SelectSoftwareStart                         Drivers/stm32f4xx_stdperiph_driver/src/stm32f4xx_lptim.o
LPTIM_SelectULPTIMClockPolarity                   Drivers/stm32f4xx_stdperiph_driver/src/stm32f4xx_lptim.o
LPTIM_SetAutoreloadValue                          Drivers/stm32f4xx_stdperiph_driver/src/stm32f4xx_lptim.o
LPTIM_SetCompareValue                             Drivers/stm32f4xx_stdperiph_driver/src/stm32f4xx_lptim.o
LPTIM_StructInit                                  Drivers/stm32f4xx_stdperiph_driver/src/stm32f4xx_lptim.o
LPTIM_TimoutCmd                                   Drivers/stm32f4xx_stdperiph_driver/src/stm32f4xx_lptim.o
LTDC_CLUTCmd                                      Drivers/stm32f4xx_stdperiph_driver/src/stm32f4xx_ltdc.o
LTDC_CLUTInit                                     Drivers/stm32f4xx_stdperiph_driver/src/stm32f4xx_ltdc.o
LTDC_CLUTStructInit                               Drivers/stm32f4xx_stdperiph_driver/src/stm32f4xx_ltdc.o
LTDC_ClearFlag                                    Drivers/stm32f4xx_stdperiph_driver/src/stm32f4xx_ltdc.o
LTDC_ClearITPendingBit                            Drivers/stm32f4xx_stdperiph_driver/src/stm32f4xx_ltdc.o
LTDC_Cmd                                          Drivers/stm32f4xx_stdperiph_driver/src/stm32f4xx_ltdc.o
LTDC_ColorKeyingConfig                            Drivers/stm32f4xx_stdperiph_driver/src/stm32f4xx_ltdc.o
LTDC_ColorKeyingStructInit                        Drivers/stm32f4xx_stdperiph_driver/src/stm32f4xx_ltdc.o
LTDC_DeInit                                       Drivers/stm32f4xx_stdperiph_driver/src/stm32f4xx_ltdc.o
LTDC_DitherCmd                                    Drivers/stm32f4xx_stdperiph_driver/src/stm32f4xx_ltdc.o
LTDC_GetCDStatus                                  Drivers/stm32f4xx_stdperiph_driver/src/stm32f4xx_ltdc.o
LTDC_GetFlagStatus                                Drivers/stm32f4xx_stdperiph_driver/src/stm32f4xx_ltdc.o
LTDC_GetITStatus                                  Drivers/stm32f4xx_stdperiph_driver/src/stm32f4xx_ltdc.o
LTDC_GetPosStatus                                 Drivers/stm32f4xx_stdperiph_driver/src/stm32f4xx_ltdc.o
LTDC_GetRGBWidth                                  Drivers/stm32f4xx_stdperiph_driver/src/stm32f4xx_ltdc.o
LTDC_ITConfig                                     Drivers/stm32f4xx_stdperiph_driver/src/stm32f4xx_ltdc.o
LTDC_Init                                         Drivers/stm32f4xx_stdperiph_driver/src/stm32f4xx_ltdc.o
LTDC_LIPConfig                                    Drivers/stm32f4xx_stdperiph_driver/src/stm32f4xx_ltdc.o
LTDC_LayerAddress                                 Drivers/stm32f4xx_stdperiph_driver/src/stm32f4xx_ltdc.o
LTDC_LayerAlpha                                   Drivers/stm32f4xx_stdperiph_driver/src/stm32f4xx_ltdc.o
LTDC_LayerCmd                                     Drivers/stm32f4xx_stdperiph_driver/src/stm32f4xx_ltdc.o
LTDC_LayerInit                                    Drivers/stm32f4xx_stdperiph_driver/src/stm32f4xx_ltdc.o
LTDC_LayerPixelFormat                             Drivers/stm32f4xx_stdperiph_driver/src/stm32f4xx_ltdc.o
LTDC_LayerPosition                                Drivers/stm32f4xx_stdperiph_driver/src/stm32f4xx_ltdc.o
LTDC_LayerSize                                    Drivers/stm32f4xx_stdperiph_driver/src/stm32f4xx_ltdc.o
LTDC_LayerStructInit                              Drivers/stm32f4xx_stdperiph_driver/src/stm32f4xx_ltdc.o
LTDC_PosStructInit                                Drivers/stm32f4xx_stdperiph_driver/src/stm32f4xx_ltdc.o
LTDC_RGBStructInit                                Drivers/stm32f4xx_stdperiph_driver/src/stm32f4xx_ltdc.o
LTDC_ReloadConfig                                 Drivers/stm32f4xx_stdperiph_driver/src/stm32f4xx_ltdc.o
LTDC_StructInit                                   Drivers/stm32f4xx_stdperiph_driver/src/stm32f4xx_ltdc.o
MemManage_Handler                                 src/startup_stm32f413xx.o
NMI_Handler                                       src/startup_stm32f413xx.o
NVIC_Init                                         Drivers/stm32f4xx_stdperiph_driver/src/misc.o
NVIC_PriorityGroupConfig                          Drivers/stm32f4xx_stdperiph_driver/src/misc.o
NVIC_SetVectorTable                               Drivers/stm32f4xx_stdperiph_driver/src/misc.o
NVIC_SystemLPConfig                               Drivers/stm32f4xx_stdperiph_driver/src/misc.o
OTG_FS_IRQHandler                                 src/startup_stm32f413xx.o
OTG_FS_WKUP_IRQHandler                            src/startup_stm32f413xx.o
PVD_IRQHandler                                    src/startup_stm32f413xx.o
PWR_BackupAccessCmd                               Drivers/stm32f4xx_stdperiph_driver/src/stm32f4xx_pwr.o
PWR_BackupRegulatorCmd                            Drivers/stm32f4xx_stdperiph_driver/src/stm32f4xx_pwr.o
PWR_ClearFlag                                     Drivers/stm32f4xx_stdperiph_driver/src/stm32f4xx_pwr.o
PWR_DeInit                                        Drivers/stm32f4xx_stdperiph_driver/src/stm32f4xx_pwr.o
PWR_EnterSTANDBYMode                              Drivers/stm32f4xx_stdperiph_driver/src/stm32f4xx_pwr.o
PWR_EnterSTOPMode                                 Drivers/stm32f4xx_stdperiph_driver/src/stm32f4xx_pwr.o
PWR_EnterUnderDriveSTOPMode                       Drivers/stm32f4xx_stdperiph_driver/src/stm32f4xx_pwr.o
PWR_FlashPowerDownCmd                             Drivers/stm32f4xx_stdperiph_driver/src/stm32f4xx_pwr.o
PWR_GetFlagStatus                                 Drivers/stm32f4xx_stdperiph_driver/src/stm32f4xx_pwr.o
PWR_LowRegulatorLowVoltageCmd                     Drivers/stm32f4xx_stdperiph_driver/src/stm32f4xx_pwr.o
PWR_MainRegulatorLowVoltageCmd                    Drivers/stm32f4xx_stdperiph_driver/src/stm32f4xx_pwr.o
PWR_MainRegulatorModeConfig                       Drivers/stm32f4xx_stdperiph_driver/src/stm32f4xx_pwr.o
PWR_OverDriveCmd                                  Drivers/stm32f4xx_stdperiph_driver/src/stm32f4xx_pwr.o
PWR_OverDriveSWCmd                                Drivers/stm32f4xx_stdperiph_driver/src/stm32f4xx_pwr.o
PWR_PVDCmd                                        Drivers/stm32f4xx_stdperiph_driver/src/stm32f4xx_pwr.o
PWR_PVDLevelConfig                                Drivers/stm32f4xx_stdperiph_driver/src/stm32f4xx_pwr.o
PWR_UnderDriveCmd                                 Drivers/stm32f4xx_stdperiph_driver/src/stm32f4xx_pwr.o
PWR_WakeUpPinCmd                                  Drivers/stm32f4xx_stdperiph_driver/src/stm32f4xx_pwr.o
PendSV_Handler                                    src/startup_stm32f413xx.o
QSPI_AbortRequest                                 Drivers/stm32f4xx_stdperiph_driver/src/stm32f4xx_qspi.o
QSPI_AutoPollingModeStopCmd                       Drivers/stm32f4xx_stdperiph_driver/src/stm32f4xx_qspi.o
QSPI_AutoPollingMode_Config                       Drivers/stm32f4xx_stdperiph_driver/src/stm32f4xx_qspi.o
QSPI_AutoPollingMode_SetInterval                  Drivers/stm32f4xx_stdperiph_driver/src/stm32f4xx_qspi.o
QSPI_ClearFlag                                    Drivers/stm32f4xx_stdperiph_driver/src/stm32f4xx_qspi.o
QSPI_ClearITPendingBit                            Drivers/stm32f4xx_stdperiph_driver/src/stm32f4xx_qspi.o
QSPI_Cmd                                          Drivers/stm32f4xx_stdperiph_driver/src/stm32f4xx_qspi.o
QSPI_ComConfig_Init                               Drivers/stm32f4xx_stdperiph_driver/src/stm32f4xx_qspi.o
QSPI_ComConfig_StructInit                         Drivers/stm32f4xx_stdperiph_driver/src/stm32f4xx_qspi.o
QSPI_DMACmd                                       Drivers/stm32f4xx_stdperiph_driver/src/stm32f4xx_qspi.o
QSPI_DeInit                                       Drivers/stm32f4xx_stdperiph_driver/src/stm32f4xx_qspi.o
QSPI_DualFlashMode_Cmd                            Drivers/stm32f4xx_stdperiph_driver/src/stm32f4xx_qspi.o
QSPI_GetFIFOLevel                                 Drivers/stm32f4xx_stdperiph_driver/src/stm32f4xx_qspi.o
QSPI_GetFMode                                     Drivers/stm32f4xx_stdperiph_driver/src/stm32f4xx_qspi.o
QSPI_GetFlagStatus                                Drivers/stm32f4xx_stdperiph_driver/src/stm32f4xx_qspi.o
QSPI_GetITStatus                                  Drivers/stm32f4xx_stdperiph_driver/src/stm32f4xx_qspi.o
QSPI_ITConfig                                     Drivers/stm32f4xx_stdperiph_driver/src/stm32f4xx_qspi.o
QSPI_Init                                         Drivers/stm32f4xx_stdperiph_driver/src/stm32f4xx_qspi.o
QSPI_MemoryMappedMode_SetTimeout                  Drivers/stm32f4xx_stdperiph_driver/src/stm32f4xx_qspi.o
QSPI_ReceiveData16                                Drivers/stm32f4xx_stdperiph_driver/src/stm32f4xx_qspi.o
QSPI_ReceiveData32                                Drivers/stm32f4xx_stdperiph_driver/src/stm32f4xx_qspi.o
QSPI_ReceiveData8                                 Drivers/stm32f4xx_stdperiph_driver/src/stm32f4xx_qspi.o
QSPI_SendData16                                   Drivers/stm32f4xx_stdperiph_driver/src/stm32f4xx_qspi.o
QSPI_SendData32                                   Drivers/stm32f4xx_stdperiph_driver/src/stm32f4xx_qspi.o
QSPI_SendData8                                    Drivers/stm32f4xx_stdperiph_driver/src/stm32f4xx_qspi.o