stm32f4xx_lptim.c:145:6:LPTIM_DeInit	16	static
stm32f4xx_lptim.c:168:6:LPTIM_Init	24	static
stm32f4xx_lptim.c:201:6:LPTIM_StructInit	16	static
stm32f4xx_lptim.c:251:6:LPTIM_Cmd	16	static
stm32f4xx_lptim.c:280:6:LPTIM_SelectClockSource	16	static
stm32f4xx_lptim.c:306:6:LPTIM_SelectULPTIMClockPolarity	24	static
stm32f4xx_lptim.c:344:6:LPTIM_ConfigPrescaler	24	static
stm32f4xx_lptim.c:387:6:LPTIM_ConfigExternalTrigger	32	static
stm32f4xx_lptim.c:416:6:LPTIM_SelectSoftwareStart	16	static
stm32f4xx_lptim.c:440:6:LPTIM_ConfigTriggerGlitchFilter	24	static
stm32f4xx_lptim.c:476:6:LPTIM_ConfigClockGlitchFilter	24	static
stm32f4xx_lptim.c:506:6:LPTIM_SelectOperatingMode	16	static
stm32f4xx_lptim.c:534:6:LPTIM_TimoutCmd	16	static
stm32f4xx_lptim.c:563:6:LPTIM_ConfigWaveform	16	static
stm32f4xx_lptim.c:587:6:LPTIM_ConfigUpdate	16	static
stm32f4xx_lptim.c:607:6:LPTIM_SetAutoreloadValue	16	static
stm32f4xx_lptim.c:624:6:LPTIM_SetCompareValue	16	static
stm32f4xx_lptim.c:644:6:LPTIM_SelectCounterMode	16	static
stm32f4xx_lptim.c:671:6:LPTIM_SelectEncoderMode	16	static
stm32f4xx_lptim.c:694:10:LPTIM_GetCounterValue	16	static
stm32f4xx_lptim.c:708:10:LPTIM_GetAutoreloadValue	16	static
stm32f4xx_lptim.c:722:10:LPTIM_GetCompareValue	16	static
stm32f4xx_lptim.c:742:6:LPTIM_RemapConfig	16	static
stm32f4xx_lptim.c:812:6:LPTIM_ITConfig	24	static
stm32f4xx_lptim.c:849:12:LPTIM_GetFlagStatus	24	static
stm32f4xx_lptim.c:884:6:LPTIM_ClearFlag	16	static
stm32f4xx_lptim.c:907:10:LPTIM_GetITStatus	32	static
