stm32f4xx_syscfg.c:105:6:SYSCFG_DeInit	8	static
stm32f4xx_syscfg.c:124:6:SYSCFG_MemoryRemapConfig	16	static
stm32f4xx_syscfg.c:145:6:SYSCFG_MemorySwappingBank	16	static
stm32f4xx_syscfg.c:168:6:SYSCFG_EXTILineConfig	24	static
stm32f4xx_syscfg.c:189:6:SYSCFG_ETH_MediaInterfaceConfig	16	static
stm32f4xx_syscfg.c:206:6:SYSCFG_CompensationCellCmd	16	static
stm32f4xx_syscfg.c:219:12:SYSCFG_GetCompensationCellStatus	16	static
stm32f4xx_syscfg.c:245:6:SYSCFG_BreakConfig	16	static
stm32f4xx_syscfg.c:261:6:DFSDM_BitstreamClock_SourceSelection	24	static
stm32f4xx_syscfg.c:277:6:DFSDM_DisableDelayClock	24	static
stm32f4xx_syscfg.c:300:6:DFSDM_EnableDelayClock	24	static
stm32f4xx_syscfg.c:318:6:DFSDM_ClockIn_SourceSelection	24	static
stm32f4xx_syscfg.c:343:6:DFSDM_ClockOut_SourceSelection	24	static
stm32f4xx_syscfg.c:369:6:DFSDM_DataIn0_SourceSelection	24	static
stm32f4xx_syscfg.c:394:6:DFSDM_DataIn2_SourceSelection	24	static
stm32f4xx_syscfg.c:417:6:DFSDM_DataIn4_SourceSelection	24	static
stm32f4xx_syscfg.c:433:6:DFSDM_DataIn6_SourceSelection	24	static
stm32f4xx_syscfg.c:452:6:DFSDM1_BitStreamClk_Config	24	static
stm32f4xx_syscfg.c:482:6:DFSDM2_BitStreamClk_Config	24	static
