stm32f4xx_dfsdm.c:92:6:DFSDM_DeInit	8	static
stm32f4xx_dfsdm.c:125:6:DFSDM_TransceiverInit	24	static
stm32f4xx_dfsdm.c:187:6:DFSDM_TransceiverStructInit	16	static
stm32f4xx_dfsdm.c:222:6:DFSDM_FilterInit	24	static
stm32f4xx_dfsdm.c:255:6:DFSDM_FilterStructInit	16	static
stm32f4xx_dfsdm.c:323:6:DFSDM_Cmd	16	static
stm32f4xx_dfsdm.c:376:6:DFSDM_ChannelCmd	16	static
stm32f4xx_dfsdm.c:408:6:DFSDM_FilterCmd	16	static
stm32f4xx_dfsdm.c:494:6:DFSDM_ConfigClkOutputDivider	24	static
stm32f4xx_dfsdm.c:544:6:DFSDM_ConfigClkOutputSource	24	static
stm32f4xx_dfsdm.c:605:6:DFSDM_ConfigBRKAnalogWatchDog	24	static
stm32f4xx_dfsdm.c:645:6:DFSDM_ConfigBRKShortCircuitDetector	24	static
stm32f4xx_dfsdm.c:683:6:DFSDM_ConfigShortCircuitThreshold	24	static
stm32f4xx_dfsdm.c:720:6:DFSDM_ConfigAnalogWatchdog	32	static
stm32f4xx_dfsdm.c:769:6:DFSDM_SelectExtremesDetectorChannel	24	static
stm32f4xx_dfsdm.c:803:9:DFSDM_GetRegularConversionData	24	static
stm32f4xx_dfsdm.c:834:9:DFSDM_GetInjectedConversionData	24	static
stm32f4xx_dfsdm.c:865:9:DFSDM_GetMaxValue	24	static
stm32f4xx_dfsdm.c:890:9:DFSDM_GetMinValue	24	static
stm32f4xx_dfsdm.c:914:9:DFSDM_GetMaxValueChannel	16	static
stm32f4xx_dfsdm.c:935:9:DFSDM_GetMinValueChannel	16	static
stm32f4xx_dfsdm.c:956:10:DFSDM_GetConversionTime	16	static
stm32f4xx_dfsdm.c:986:6:DFSDM_ConfigAWDFilter	32	static
stm32f4xx_dfsdm.c:1026:10:DFSDM_GetAWDConversionValue	16	static
stm32f4xx_dfsdm.c:1053:6:DFSDM_SetAWDThreshold	32	static
stm32f4xx_dfsdm.c:1102:6:DFSDM_SelectInjectedChannel	24	static
stm32f4xx_dfsdm.c:1138:6:DFSDM_SelectRegularChannel	24	static
stm32f4xx_dfsdm.c:1171:6:DFSDM_StartSoftwareInjectedConversion	16	static
stm32f4xx_dfsdm.c:1192:6:DFSDM_StartSoftwareRegularConversion	16	static
stm32f4xx_dfsdm.c:1219:6:DFSDM_ConfigInjectedTrigger	32	static
stm32f4xx_dfsdm.c:1265:6:DFSDM_SynchronousFilter0InjectedStart	16	static
stm32f4xx_dfsdm.c:1289:6:DFSDM_SynchronousFilter0RegularStart	16	static
stm32f4xx_dfsdm.c:1312:6:DFSDM_RegularContinuousModeCmd	16	static
stm32f4xx_dfsdm.c:1349:6:DFSDM_FastModeCmd	16	static
stm32f4xx_dfsdm.c:1385:6:DFSDM_SelectInjectedConversionMode	16	static
stm32f4xx_dfsdm.c:1417:6:DFSDM_DMATransferConfig	24	static
stm32f4xx_dfsdm.c:1494:6:DFSDM_ITConfig	24	static
stm32f4xx_dfsdm.c:1570:6:DFSDM_ITClockAbsenceCmd	16	static
stm32f4xx_dfsdm.c:1610:6:DFSDM_ITShortCircuitDetectorCmd	16	static
stm32f4xx_dfsdm.c:1666:12:DFSDM_GetFlagStatus	24	static
stm32f4xx_dfsdm.c:1744:12:DFSDM_GetClockAbsenceFlagStatus	24	static
stm32f4xx_dfsdm.c:1787:12:DFSDM_GetShortCircuitFlagStatus	24	static
stm32f4xx_dfsdm.c:1834:12:DFSDM_GetWatchdogFlagStatus	32	static
stm32f4xx_dfsdm.c:1870:6:DFSDM_ClearFlag	16	static
stm32f4xx_dfsdm.c:1921:6:DFSDM_ClearClockAbsenceFlag	16	static
stm32f4xx_dfsdm.c:1946:6:DFSDM_ClearShortCircuitFlag	16	static
stm32f4xx_dfsdm.c:1978:6:DFSDM_ClearAnalogWatchdogFlag	24	static
stm32f4xx_dfsdm.c:2010:10:DFSDM_GetITStatus	32	static
stm32f4xx_dfsdm.c:2112:10:DFSDM_GetClockAbsenceITStatus	32	static
stm32f4xx_dfsdm.c:2155:10:DFSDM_GetShortCircuitITStatus	32	static
