stm32f4xx_fmpi2c.c:145:6:FMPI2C_DeInit	16	static
stm32f4xx_fmpi2c.c:167:6:FMPI2C_Init	24	static
stm32f4xx_fmpi2c.c:246:6:FMPI2C_StructInit	16	static
stm32f4xx_fmpi2c.c:272:6:FMPI2C_Cmd	16	static
stm32f4xx_fmpi2c.c:295:6:FMPI2C_SoftwareResetCmd	16	static
stm32f4xx_fmpi2c.c:327:6:FMPI2C_ITConfig	24	static
stm32f4xx_fmpi2c.c:353:6:FMPI2C_StretchClockCmd	16	static
stm32f4xx_fmpi2c.c:378:6:FMPI2C_DualAddressCmd	16	static
stm32f4xx_fmpi2c.c:412:6:FMPI2C_OwnAddress2Config	24	static
stm32f4xx_fmpi2c.c:442:6:FMPI2C_GeneralCallCmd	16	static
stm32f4xx_fmpi2c.c:467:6:FMPI2C_SlaveByteControlCmd	16	static
stm32f4xx_fmpi2c.c:492:6:FMPI2C_SlaveAddressConfig	24	static
stm32f4xx_fmpi2c.c:521:6:FMPI2C_10BitAddressingModeCmd	16	static
stm32f4xx_fmpi2c.c:586:6:FMPI2C_AutoEndCmd	16	static
stm32f4xx_fmpi2c.c:611:6:FMPI2C_ReloadCmd	16	static
stm32f4xx_fmpi2c.c:635:6:FMPI2C_NumberOfBytesConfig	24	static
stm32f4xx_fmpi2c.c:664:6:FMPI2C_MasterRequestConfig	16	static
stm32f4xx_fmpi2c.c:690:6:FMPI2C_GenerateSTART	16	static
stm32f4xx_fmpi2c.c:715:6:FMPI2C_GenerateSTOP	16	static
stm32f4xx_fmpi2c.c:742:6:FMPI2C_10BitAddressHeaderCmd	16	static
stm32f4xx_fmpi2c.c:767:6:FMPI2C_AcknowledgeConfig	16	static
stm32f4xx_fmpi2c.c:790:9:FMPI2C_GetAddressMatched	16	static
stm32f4xx_fmpi2c.c:804:10:FMPI2C_GetTransferDirection	24	static
stm32f4xx_fmpi2c.c:848:6:FMPI2C_TransferHandling	32	static
stm32f4xx_fmpi2c.c:919:6:FMPI2C_SMBusAlertCmd	16	static
stm32f4xx_fmpi2c.c:944:6:FMPI2C_ClockTimeoutCmd	16	static
stm32f4xx_fmpi2c.c:969:6:FMPI2C_ExtendedClockTimeoutCmd	16	static
stm32f4xx_fmpi2c.c:995:6:FMPI2C_IdleClockTimeoutCmd	16	static
stm32f4xx_fmpi2c.c:1020:6:FMPI2C_TimeoutAConfig	24	static
stm32f4xx_fmpi2c.c:1047:6:FMPI2C_TimeoutBConfig	24	static
stm32f4xx_fmpi2c.c:1075:6:FMPI2C_CalculatePEC	16	static
stm32f4xx_fmpi2c.c:1100:6:FMPI2C_PECRequestCmd	16	static
stm32f4xx_fmpi2c.c:1123:9:FMPI2C_GetPEC	16	static
stm32f4xx_fmpi2c.c:1169:10:FMPI2C_ReadRegister	24	static
stm32f4xx_fmpi2c.c:1212:6:FMPI2C_SendData	16	static
stm32f4xx_fmpi2c.c:1226:9:FMPI2C_ReceiveData	16	static
stm32f4xx_fmpi2c.c:1269:6:FMPI2C_DMACmd	24	static
stm32f4xx_fmpi2c.c:1389:12:FMPI2C_GetFlagStatus	24	static
stm32f4xx_fmpi2c.c:1433:6:FMPI2C_ClearFlag	16	static
stm32f4xx_fmpi2c.c:1463:10:FMPI2C_GetITStatus	32	static
stm32f4xx_fmpi2c.c:1527:6:FMPI2C_ClearITPendingBit	16	static
