stm32f4xx_qspi.c:144:6:QSPI_DeInit	8	static
stm32f4xx_qspi.c:157:6:QSPI_StructInit	16	static
stm32f4xx_qspi.c:181:6:QSPI_ComConfig_StructInit	16	static
stm32f4xx_qspi.c:219:6:QSPI_Init	24	static
stm32f4xx_qspi.c:265:6:QSPI_ComConfig_Init	24	static
stm32f4xx_qspi.c:311:6:QSPI_Cmd	16	static
stm32f4xx_qspi.c:344:6:QSPI_AutoPollingMode_Config	24	static
stm32f4xx_qspi.c:381:6:QSPI_AutoPollingMode_SetInterval	24	static
stm32f4xx_qspi.c:411:6:QSPI_MemoryMappedMode_SetTimeout	24	static
stm32f4xx_qspi.c:439:6:QSPI_SetAddress	16	static
stm32f4xx_qspi.c:456:6:QSPI_SetAlternateByte	16	static
stm32f4xx_qspi.c:474:6:QSPI_SetFIFOThreshold	24	static
stm32f4xx_qspi.c:511:6:QSPI_SetDataLength	16	static
stm32f4xx_qspi.c:528:6:QSPI_TimeoutCounterCmd	16	static
stm32f4xx_qspi.c:556:6:QSPI_AutoPollingModeStopCmd	16	static
stm32f4xx_qspi.c:582:6:QSPI_AbortRequest	4	static
stm32f4xx_qspi.c:595:6:QSPI_SendData8	24	static
stm32f4xx_qspi.c:610:6:QSPI_SendData16	24	static
stm32f4xx_qspi.c:625:6:QSPI_SendData32	16	static
stm32f4xx_qspi.c:634:9:QSPI_ReceiveData8	16	static
stm32f4xx_qspi.c:648:10:QSPI_ReceiveData16	16	static
stm32f4xx_qspi.c:662:10:QSPI_ReceiveData32	4	static
stm32f4xx_qspi.c:675:6:QSPI_DMACmd	16	static
stm32f4xx_qspi.c:707:6:QSPI_ITConfig	24	static
stm32f4xx_qspi.c:738:10:QSPI_GetFIFOLevel	4	static
stm32f4xx_qspi.c:753:10:QSPI_GetFMode	4	static
stm32f4xx_qspi.c:771:12:QSPI_GetFlagStatus	24	static
stm32f4xx_qspi.c:802:6:QSPI_ClearFlag	16	static
stm32f4xx_qspi.c:822:10:QSPI_GetITStatus	32	static
stm32f4xx_qspi.c:863:6:QSPI_ClearITPendingBit	16	static
stm32f4xx_qspi.c:877:6:QSPI_DualFlashMode_Cmd	16	static
